2025-03-17 17:02:37,088 [1] INFO csharpPb9.MainClass - App start!
2025-03-17 17:02:37,120 [1] INFO csharpPb9.MainClass - Test
2025-03-17 17:02:37,121 [1] INFO  - Creating ArbitruRepository with properties: System.Collections.Generic.SortedList`2[System.String,System.String]
2025-03-17 17:02:37,138 [1] INFO  - Finding all arbitri
2025-03-17 17:02:37,226 [1] INFO  - Closing connection
2025-03-17 17:02:37,228 [1] INFO  - Exiting FindAll with value System.Collections.Generic.List`1[Arbitru]
2025-03-17 17:02:37,255 [1] INFO  - Finding one arbitru
2025-03-17 17:02:37,262 [1] INFO  - Closing connection
2025-03-17 17:02:37,262 [1] INFO  - Exiting FindOne with value Arbitru{id=2, nume='Ion', username='ion04', password='pass1', id_proba='c1'}
2025-03-17 17:02:37,264 [1] INFO csharpPb9.MainClass - Next text
2025-03-17 17:02:37,265 [1] INFO  - Creating ArbitruRepository with properties: System.Collections.Generic.SortedList`2[System.String,System.String]
2025-03-17 17:02:37,266 [1] INFO  - Finding all participanti
2025-03-17 17:02:37,268 [1] INFO  - Closing connection
2025-03-17 17:02:37,268 [1] INFO  - Exiting FindAll with value System.Collections.Generic.List`1[Participant]
2025-03-17 17:02:37,305 [1] INFO  - Finding One participant
2025-03-17 17:02:37,312 [1] INFO  - Closing connection
2025-03-17 17:02:37,318 [1] INFO  - Exiting FindOne with value Ionescu Maria varsta:30
2025-03-17 17:02:37,319 [1] INFO csharpPb9.MainClass - Next text
2025-03-17 17:02:37,321 [1] INFO  - Creating ProbaRepository with properties: System.Collections.Generic.SortedList`2[System.String,System.String]
2025-03-17 17:02:37,323 [1] INFO  - Finding all probe
2025-03-17 17:02:37,326 [1] INFO  - Closing connection
2025-03-17 17:02:37,326 [1] INFO  - Exiting FindAll with value System.Collections.Generic.List`1[Proba]
2025-03-17 17:02:37,367 [1] INFO  - Finding proba with id c2
2025-03-17 17:02:37,371 [1] INFO  - Closing connection
2025-03-17 17:02:37,372 [1] INFO  - Exiting FindOne with value Proba{id=c2, nume='Pedalat 400 de m', id_arbitru='2', categorie='ciclism'}
2025-03-17 17:02:37,375 [1] INFO  - Find arbitru
2025-03-17 17:02:37,377 [1] INFO  - Found Arbitru
2025-03-17 17:02:37,379 [1] INFO  - Closing connection
2025-03-17 17:02:37,381 [1] INFO csharpPb9.MainClass - Next text
2025-03-17 17:02:37,383 [1] INFO  - Creating ProbaRepository with properties: System.Collections.Generic.SortedList`2[System.String,System.String]
2025-03-17 17:02:37,384 [1] INFO  - Finding all rezultate
2025-03-17 17:02:37,388 [1] INFO  - Finding participant
2025-03-17 17:02:37,388 [1] INFO  - Finding proba
2025-03-17 17:02:37,389 [1] INFO  - Closing connection
2025-03-17 17:02:37,391 [1] INFO  - Finding participant
2025-03-17 17:02:37,392 [1] INFO  - Finding proba
2025-03-17 17:02:37,393 [1] INFO  - Closing connection
2025-03-17 17:02:37,398 [1] INFO  - Finding participant
2025-03-17 17:02:37,400 [1] INFO  - Finding proba
2025-03-17 17:02:37,401 [1] INFO  - Closing connection
2025-03-17 17:02:37,402 [1] INFO  - Finding participant
2025-03-17 17:02:37,403 [1] INFO  - Finding proba
2025-03-17 17:02:37,404 [1] INFO  - Closing connection
2025-03-17 17:02:37,405 [1] INFO  - Finding participant
2025-03-17 17:02:37,407 [1] INFO  - Finding proba
2025-03-17 17:02:37,408 [1] INFO  - Closing connection
2025-03-17 17:02:37,409 [1] INFO  - Finding participant
2025-03-17 17:02:37,413 [1] INFO  - Finding proba
2025-03-17 17:02:37,415 [1] INFO  - Closing connection
2025-03-17 17:02:37,416 [1] INFO  - Finding participant
2025-03-17 17:02:37,417 [1] INFO  - Finding proba
2025-03-17 17:02:37,418 [1] INFO  - Closing connection
2025-03-17 17:02:37,419 [1] INFO  - Finding participant
2025-03-17 17:02:37,420 [1] INFO  - Finding proba
2025-03-17 17:02:37,421 [1] INFO  - Closing connection
2025-03-17 17:02:37,422 [1] INFO  - Finding participant
2025-03-17 17:02:37,423 [1] INFO  - Finding proba
2025-03-17 17:02:37,424 [1] INFO  - Closing connection
2025-03-17 17:02:37,429 [1] INFO  - Finding participant
2025-03-17 17:02:37,430 [1] INFO  - Finding proba
2025-03-17 17:02:37,433 [1] INFO  - Closing connection
2025-03-17 17:02:37,433 [1] INFO  - Finding participant
2025-03-17 17:02:37,434 [1] INFO  - Finding proba
2025-03-17 17:02:37,435 [1] INFO  - Closing connection
2025-03-17 17:02:37,436 [1] INFO  - Finding participant
2025-03-17 17:02:37,437 [1] INFO  - Finding proba
2025-03-17 17:02:37,439 [1] INFO  - Closing connection
2025-03-17 17:02:37,440 [1] INFO  - Finding participant
2025-03-17 17:02:37,443 [1] INFO  - Finding proba
2025-03-17 17:02:37,444 [1] INFO  - Closing connection
2025-03-17 17:02:37,445 [1] INFO  - Finding participant
2025-03-17 17:02:37,446 [1] INFO  - Finding proba
2025-03-17 17:02:37,447 [1] INFO  - Closing connection
2025-03-17 17:02:37,448 [1] INFO  - Finding participant
2025-03-17 17:02:37,450 [1] INFO  - Finding proba
2025-03-17 17:02:37,450 [1] INFO  - Closing connection
2025-03-17 17:02:37,451 [1] INFO  - Finding participant
2025-03-17 17:02:37,453 [1] INFO  - Finding proba
2025-03-17 17:02:37,453 [1] INFO  - Closing connection
2025-03-17 17:02:37,455 [1] INFO  - Finding participant
2025-03-17 17:02:37,457 [1] INFO  - Finding proba
2025-03-17 17:02:37,459 [1] INFO  - Closing connection
2025-03-17 17:02:37,462 [1] INFO  - Finding participant
2025-03-17 17:02:37,463 [1] INFO  - Finding proba
2025-03-17 17:02:37,464 [1] INFO  - Closing connection
2025-03-17 17:02:37,466 [1] INFO  - Finding participant
2025-03-17 17:02:37,466 [1] INFO  - Finding proba
2025-03-17 17:02:37,469 [1] INFO  - Closing connection
2025-03-17 17:02:37,470 [1] INFO  - Finding participant
2025-03-17 17:02:37,472 [1] INFO  - Finding proba
2025-03-17 17:02:37,472 [1] INFO  - Closing connection
2025-03-17 17:02:37,474 [1] INFO  - Finding participant
2025-03-17 17:02:37,476 [1] INFO  - Finding proba
2025-03-17 17:02:37,478 [1] INFO  - Closing connection
2025-03-17 17:02:37,479 [1] INFO  - Finding participant
2025-03-17 17:02:37,480 [1] INFO  - Finding proba
2025-03-17 17:02:37,482 [1] INFO  - Closing connection
2025-03-17 17:02:37,483 [1] INFO  - Finding participant
2025-03-17 17:02:37,484 [1] INFO  - Finding proba
2025-03-17 17:02:37,485 [1] INFO  - Closing connection
2025-03-17 17:02:37,486 [1] INFO  - Finding participant
2025-03-17 17:02:37,488 [1] INFO  - Finding proba
2025-03-17 17:02:37,489 [1] INFO  - Closing connection
2025-03-17 17:02:37,490 [1] INFO  - Finding participant
2025-03-17 17:02:37,491 [1] INFO  - Finding proba
2025-03-17 17:02:37,493 [1] INFO  - Closing connection
2025-03-17 17:02:37,494 [1] INFO  - Finding participant
2025-03-17 17:02:37,495 [1] INFO  - Finding proba
2025-03-17 17:02:37,497 [1] INFO  - Closing connection
2025-03-17 17:02:37,500 [1] INFO  - Finding participant
2025-03-17 17:02:37,501 [1] INFO  - Finding proba
2025-03-17 17:02:37,502 [1] INFO  - Closing connection
2025-03-17 17:02:37,503 [1] INFO  - Finding participant
2025-03-17 17:02:37,504 [1] INFO  - Finding proba
2025-03-17 17:02:37,505 [1] INFO  - Closing connection
2025-03-17 17:02:37,506 [1] INFO  - Finding participant
2025-03-17 17:02:37,507 [1] INFO  - Finding proba
2025-03-17 17:02:37,508 [1] INFO  - Closing connection
2025-03-17 17:02:37,509 [1] INFO  - Finding participant
2025-03-17 17:02:37,510 [1] INFO  - Finding proba
2025-03-17 17:02:37,511 [1] INFO  - Closing connection
2025-03-17 17:02:37,512 [1] INFO  - Finding participant
2025-03-17 17:02:37,514 [1] INFO  - Finding proba
2025-03-17 17:02:37,515 [1] INFO  - Closing connection
2025-03-17 17:02:37,515 [1] INFO  - Finding participant
2025-03-17 17:02:37,516 [1] INFO  - Finding proba
2025-03-17 17:02:37,517 [1] INFO  - Closing connection
2025-03-17 17:02:37,518 [1] INFO  - Finding participant
2025-03-17 17:02:37,520 [1] INFO  - Finding proba
2025-03-17 17:02:37,520 [1] INFO  - Closing connection
2025-03-17 17:02:37,522 [1] INFO  - Finding participant
2025-03-17 17:02:37,523 [1] INFO  - Finding proba
2025-03-17 17:02:37,524 [1] INFO  - Closing connection
2025-03-17 17:02:37,525 [1] INFO  - Finding participant
2025-03-17 17:02:37,526 [1] INFO  - Finding proba
2025-03-17 17:02:37,527 [1] INFO  - Closing connection
2025-03-17 17:02:37,528 [1] INFO  - Finding participant
2025-03-17 17:02:37,530 [1] INFO  - Finding proba
2025-03-17 17:02:37,531 [1] INFO  - Closing connection
2025-03-17 17:02:37,531 [1] INFO  - Finding participant
2025-03-17 17:02:37,532 [1] INFO  - Finding proba
2025-03-17 17:02:37,533 [1] INFO  - Closing connection
2025-03-17 17:02:37,534 [1] INFO  - Finding participant
2025-03-17 17:02:37,534 [1] INFO  - Finding proba
2025-03-17 17:02:37,535 [1] INFO  - Closing connection
2025-03-17 17:02:37,536 [1] INFO  - Finding participant
2025-03-17 17:02:37,538 [1] INFO  - Finding proba
2025-03-17 17:02:37,539 [1] INFO  - Closing connection
2025-03-17 17:02:37,540 [1] INFO  - Finding participant
2025-03-17 17:02:37,541 [1] INFO  - Finding proba
2025-03-17 17:02:37,542 [1] INFO  - Closing connection
2025-03-17 17:02:37,544 [1] INFO  - Finding participant
2025-03-17 17:02:37,546 [1] INFO  - Finding proba
2025-03-17 17:02:37,547 [1] INFO  - Closing connection
2025-03-17 17:02:37,548 [1] INFO  - Finding participant
2025-03-17 17:02:37,549 [1] INFO  - Finding proba
2025-03-17 17:02:37,550 [1] INFO  - Closing connection
2025-03-17 17:02:37,551 [1] INFO  - Finding participant
2025-03-17 17:02:37,552 [1] INFO  - Finding proba
2025-03-17 17:02:37,553 [1] INFO  - Closing connection
2025-03-17 17:02:37,554 [1] INFO  - Finding participant
2025-03-17 17:02:37,554 [1] INFO  - Finding proba
2025-03-17 17:02:37,555 [1] INFO  - Closing connection
2025-03-17 17:02:37,557 [1] INFO  - Finding participant
2025-03-17 17:02:37,558 [1] INFO  - Finding proba
2025-03-17 17:02:37,563 [1] INFO  - Closing connection
2025-03-17 17:02:37,564 [1] INFO  - Finding participant
2025-03-17 17:02:37,565 [1] INFO  - Finding proba
2025-03-17 17:02:37,566 [1] INFO  - Closing connection
2025-03-17 17:02:37,567 [1] INFO  - Finding participant
2025-03-17 17:02:37,567 [1] INFO  - Finding proba
2025-03-17 17:02:37,568 [1] INFO  - Closing connection
2025-03-17 17:02:37,569 [1] INFO  - Finding participant
2025-03-17 17:02:37,569 [1] INFO  - Finding proba
2025-03-17 17:02:37,570 [1] INFO  - Closing connection
2025-03-17 17:02:37,571 [1] INFO  - Finding participant
2025-03-17 17:02:37,572 [1] INFO  - Finding proba
2025-03-17 17:02:37,573 [1] INFO  - Closing connection
2025-03-17 17:02:37,575 [1] INFO  - Finding participant
2025-03-17 17:02:37,579 [1] INFO  - Finding proba
2025-03-17 17:02:37,580 [1] INFO  - Closing connection
2025-03-17 17:02:37,581 [1] INFO  - Finding participant
2025-03-17 17:02:37,583 [1] INFO  - Finding proba
2025-03-17 17:02:37,585 [1] INFO  - Closing connection
2025-03-17 17:02:37,586 [1] INFO  - Finding participant
2025-03-17 17:02:37,588 [1] INFO  - Finding proba
2025-03-17 17:02:37,589 [1] INFO  - Closing connection
2025-03-17 17:02:37,591 [1] INFO  - Closing connection
2025-03-17 17:02:37,593 [1] INFO  - Exiting FindAll with value System.Collections.Generic.List`1[Rezultat]
2025-03-17 17:02:37,656 [1] INFO  - Finding rezultat with id 2
2025-03-17 17:02:37,658 [1] INFO  - Finding participant
2025-03-17 17:02:37,658 [1] INFO  - Finding proba
2025-03-17 17:02:37,664 [1] INFO  - Closing connection
2025-03-17 17:02:37,665 [1] INFO  - Closing connection
2025-03-17 17:02:37,666 [1] INFO  - Exiting findOne with value Rezultat{id=2, Participant=Stan Ioana varsta:27, Proba=Proba{id=c1, nume='Pedalat 200 de m', id_arbitru='1', categorie='ciclism'}, Scor=152}
2025-03-17 17:02:37,669 [1] INFO  - Participanti alfabetic
2025-03-17 17:02:37,669 [1] INFO  - Finding all rezultate
2025-03-17 17:02:37,671 [1] INFO  - Finding participant
2025-03-17 17:02:37,672 [1] INFO  - Finding proba
2025-03-17 17:02:37,673 [1] INFO  - Closing connection
2025-03-17 17:02:37,673 [1] INFO  - Finding participant
2025-03-17 17:02:37,674 [1] INFO  - Finding proba
2025-03-17 17:02:37,675 [1] INFO  - Closing connection
2025-03-17 17:02:37,679 [1] INFO  - Finding participant
2025-03-17 17:02:37,679 [1] INFO  - Finding proba
2025-03-17 17:02:37,680 [1] INFO  - Closing connection
2025-03-17 17:02:37,681 [1] INFO  - Finding participant
2025-03-17 17:02:37,682 [1] INFO  - Finding proba
2025-03-17 17:02:37,683 [1] INFO  - Closing connection
2025-03-17 17:02:37,683 [1] INFO  - Finding participant
2025-03-17 17:02:37,684 [1] INFO  - Finding proba
2025-03-17 17:02:37,685 [1] INFO  - Closing connection
2025-03-17 17:02:37,686 [1] INFO  - Finding participant
2025-03-17 17:02:37,691 [1] INFO  - Finding proba
2025-03-17 17:02:37,693 [1] INFO  - Closing connection
2025-03-17 17:02:37,694 [1] INFO  - Finding participant
2025-03-17 17:02:37,696 [1] INFO  - Finding proba
2025-03-17 17:02:37,700 [1] INFO  - Closing connection
2025-03-17 17:02:37,701 [1] INFO  - Finding participant
2025-03-17 17:02:37,702 [1] INFO  - Finding proba
2025-03-17 17:02:37,703 [1] INFO  - Closing connection
2025-03-17 17:02:37,704 [1] INFO  - Finding participant
2025-03-17 17:02:37,705 [1] INFO  - Finding proba
2025-03-17 17:02:37,707 [1] INFO  - Closing connection
2025-03-17 17:02:37,708 [1] INFO  - Finding participant
2025-03-17 17:02:37,709 [1] INFO  - Finding proba
2025-03-17 17:02:37,710 [1] INFO  - Closing connection
2025-03-17 17:02:37,711 [1] INFO  - Finding participant
2025-03-17 17:02:37,713 [1] INFO  - Finding proba
2025-03-17 17:02:37,715 [1] INFO  - Closing connection
2025-03-17 17:02:37,715 [1] INFO  - Finding participant
2025-03-17 17:02:37,717 [1] INFO  - Finding proba
2025-03-17 17:02:37,718 [1] INFO  - Closing connection
2025-03-17 17:02:37,720 [1] INFO  - Finding participant
2025-03-17 17:02:37,722 [1] INFO  - Finding proba
2025-03-17 17:02:37,723 [1] INFO  - Closing connection
2025-03-17 17:02:37,724 [1] INFO  - Finding participant
2025-03-17 17:02:37,725 [1] INFO  - Finding proba
2025-03-17 17:02:37,727 [1] INFO  - Closing connection
2025-03-17 17:02:37,727 [1] INFO  - Finding participant
2025-03-17 17:02:37,729 [1] INFO  - Finding proba
2025-03-17 17:02:37,731 [1] INFO  - Closing connection
2025-03-17 17:02:37,732 [1] INFO  - Finding participant
2025-03-17 17:02:37,733 [1] INFO  - Finding proba
2025-03-17 17:02:37,735 [1] INFO  - Closing connection
2025-03-17 17:02:37,738 [1] INFO  - Finding participant
2025-03-17 17:02:37,739 [1] INFO  - Finding proba
2025-03-17 17:02:37,740 [1] INFO  - Closing connection
2025-03-17 17:02:37,741 [1] INFO  - Finding participant
2025-03-17 17:02:37,742 [1] INFO  - Finding proba
2025-03-17 17:02:37,743 [1] INFO  - Closing connection
2025-03-17 17:02:37,744 [1] INFO  - Finding participant
2025-03-17 17:02:37,745 [1] INFO  - Finding proba
2025-03-17 17:02:37,746 [1] INFO  - Closing connection
2025-03-17 17:02:37,747 [1] INFO  - Finding participant
2025-03-17 17:02:37,749 [1] INFO  - Finding proba
2025-03-17 17:02:37,750 [1] INFO  - Closing connection
2025-03-17 17:02:37,751 [1] INFO  - Finding participant
2025-03-17 17:02:37,752 [1] INFO  - Finding proba
2025-03-17 17:02:37,755 [1] INFO  - Closing connection
2025-03-17 17:02:37,756 [1] INFO  - Finding participant
2025-03-17 17:02:37,757 [1] INFO  - Finding proba
2025-03-17 17:02:37,757 [1] INFO  - Closing connection
2025-03-17 17:02:37,758 [1] INFO  - Finding participant
2025-03-17 17:02:37,759 [1] INFO  - Finding proba
2025-03-17 17:02:37,760 [1] INFO  - Closing connection
2025-03-17 17:02:37,761 [1] INFO  - Finding participant
2025-03-17 17:02:37,764 [1] INFO  - Finding proba
2025-03-17 17:02:37,766 [1] INFO  - Closing connection
2025-03-17 17:02:37,768 [1] INFO  - Finding participant
2025-03-17 17:02:37,769 [1] INFO  - Finding proba
2025-03-17 17:02:37,772 [1] INFO  - Closing connection
2025-03-17 17:02:37,773 [1] INFO  - Finding participant
2025-03-17 17:02:37,774 [1] INFO  - Finding proba
2025-03-17 17:02:37,775 [1] INFO  - Closing connection
2025-03-17 17:02:37,776 [1] INFO  - Finding participant
2025-03-17 17:02:37,778 [1] INFO  - Finding proba
2025-03-17 17:02:37,779 [1] INFO  - Closing connection
2025-03-17 17:02:37,780 [1] INFO  - Finding participant
2025-03-17 17:02:37,782 [1] INFO  - Finding proba
2025-03-17 17:02:37,783 [1] INFO  - Closing connection
2025-03-17 17:02:37,785 [1] INFO  - Finding participant
2025-03-17 17:02:37,786 [1] INFO  - Finding proba
2025-03-17 17:02:37,786 [1] INFO  - Closing connection
2025-03-17 17:02:37,787 [1] INFO  - Finding participant
2025-03-17 17:02:37,789 [1] INFO  - Finding proba
2025-03-17 17:02:37,792 [1] INFO  - Closing connection
2025-03-17 17:02:37,793 [1] INFO  - Finding participant
2025-03-17 17:02:37,795 [1] INFO  - Finding proba
2025-03-17 17:02:37,795 [1] INFO  - Closing connection
2025-03-17 17:02:37,796 [1] INFO  - Finding participant
2025-03-17 17:02:37,797 [1] INFO  - Finding proba
2025-03-17 17:02:37,798 [1] INFO  - Closing connection
2025-03-17 17:02:37,799 [1] INFO  - Finding participant
2025-03-17 17:02:37,800 [1] INFO  - Finding proba
2025-03-17 17:02:37,801 [1] INFO  - Closing connection
2025-03-17 17:02:37,804 [1] INFO  - Finding participant
2025-03-17 17:02:37,805 [1] INFO  - Finding proba
2025-03-17 17:02:37,806 [1] INFO  - Closing connection
2025-03-17 17:02:37,807 [1] INFO  - Finding participant
2025-03-17 17:02:37,808 [1] INFO  - Finding proba
2025-03-17 17:02:37,809 [1] INFO  - Closing connection
2025-03-17 17:02:37,810 [1] INFO  - Finding participant
2025-03-17 17:02:37,811 [1] INFO  - Finding proba
2025-03-17 17:02:37,812 [1] INFO  - Closing connection
2025-03-17 17:02:37,813 [1] INFO  - Finding participant
2025-03-17 17:02:37,814 [1] INFO  - Finding proba
2025-03-17 17:02:37,815 [1] INFO  - Closing connection
2025-03-17 17:02:37,816 [1] INFO  - Finding participant
2025-03-17 17:02:37,817 [1] INFO  - Finding proba
2025-03-17 17:02:37,818 [1] INFO  - Closing connection
2025-03-17 17:02:37,820 [1] INFO  - Finding participant
2025-03-17 17:02:37,821 [1] INFO  - Finding proba
2025-03-17 17:02:37,823 [1] INFO  - Closing connection
2025-03-17 17:02:37,825 [1] INFO  - Finding participant
2025-03-17 17:02:37,826 [1] INFO  - Finding proba
2025-03-17 17:02:37,828 [1] INFO  - Closing connection
2025-03-17 17:02:37,832 [1] INFO  - Finding participant
2025-03-17 17:02:37,833 [1] INFO  - Finding proba
2025-03-17 17:02:37,834 [1] INFO  - Closing connection
2025-03-17 17:02:37,835 [1] INFO  - Finding participant
2025-03-17 17:02:37,836 [1] INFO  - Finding proba
2025-03-17 17:02:37,837 [1] INFO  - Closing connection
2025-03-17 17:02:37,838 [1] INFO  - Finding participant
2025-03-17 17:02:37,840 [1] INFO  - Finding proba
2025-03-17 17:02:37,841 [1] INFO  - Closing connection
2025-03-17 17:02:37,843 [1] INFO  - Finding participant
2025-03-17 17:02:37,844 [1] INFO  - Finding proba
2025-03-17 17:02:37,848 [1] INFO  - Closing connection
2025-03-17 17:02:37,849 [1] INFO  - Finding participant
2025-03-17 17:02:37,851 [1] INFO  - Finding proba
2025-03-17 17:02:37,853 [1] INFO  - Closing connection
2025-03-17 17:02:37,854 [1] INFO  - Finding participant
2025-03-17 17:02:37,856 [1] INFO  - Finding proba
2025-03-17 17:02:37,857 [1] INFO  - Closing connection
2025-03-17 17:02:37,859 [1] INFO  - Finding participant
2025-03-17 17:02:37,860 [1] INFO  - Finding proba
2025-03-17 17:02:37,865 [1] INFO  - Closing connection
2025-03-17 17:02:37,867 [1] INFO  - Finding participant
2025-03-17 17:02:37,870 [1] INFO  - Finding proba
2025-03-17 17:02:37,872 [1] INFO  - Closing connection
2025-03-17 17:02:37,874 [1] INFO  - Finding participant
2025-03-17 17:02:37,876 [1] INFO  - Finding proba
2025-03-17 17:02:37,879 [1] INFO  - Closing connection
2025-03-17 17:02:37,882 [1] INFO  - Finding participant
2025-03-17 17:02:37,885 [1] INFO  - Finding proba
2025-03-17 17:02:37,886 [1] INFO  - Closing connection
2025-03-17 17:02:37,889 [1] INFO  - Finding participant
2025-03-17 17:02:37,891 [1] INFO  - Finding proba
2025-03-17 17:02:37,894 [1] INFO  - Closing connection
2025-03-17 17:02:37,898 [1] INFO  - Finding participant
2025-03-17 17:02:37,900 [1] INFO  - Finding proba
2025-03-17 17:02:37,900 [1] INFO  - Closing connection
2025-03-17 17:02:37,902 [1] INFO  - Closing connection
2025-03-17 17:02:37,903 [1] INFO  - Exiting FindAll with value System.Collections.Generic.List`1[Rezultat]
2025-03-17 17:02:37,932 [1] INFO  - Exiting ParticipantiAlfabetic
2025-03-17 17:02:37,989 [1] INFO  - c2 scor descrescator
2025-03-17 17:02:37,989 [1] INFO  - Finding all rezultate
2025-03-17 17:02:37,991 [1] INFO  - Finding participant
2025-03-17 17:02:37,991 [1] INFO  - Finding proba
2025-03-17 17:02:37,992 [1] INFO  - Closing connection
2025-03-17 17:02:37,996 [1] INFO  - Finding participant
2025-03-17 17:02:37,997 [1] INFO  - Finding proba
2025-03-17 17:02:37,998 [1] INFO  - Closing connection
2025-03-17 17:02:37,999 [1] INFO  - Finding participant
2025-03-17 17:02:38,000 [1] INFO  - Finding proba
2025-03-17 17:02:38,000 [1] INFO  - Closing connection
2025-03-17 17:02:38,001 [1] INFO  - Finding participant
2025-03-17 17:02:38,002 [1] INFO  - Finding proba
2025-03-17 17:02:38,003 [1] INFO  - Closing connection
2025-03-17 17:02:38,003 [1] INFO  - Finding participant
2025-03-17 17:02:38,004 [1] INFO  - Finding proba
2025-03-17 17:02:38,005 [1] INFO  - Closing connection
2025-03-17 17:02:38,005 [1] INFO  - Finding participant
2025-03-17 17:02:38,006 [1] INFO  - Finding proba
2025-03-17 17:02:38,007 [1] INFO  - Closing connection
2025-03-17 17:02:38,008 [1] INFO  - Finding participant
2025-03-17 17:02:38,012 [1] INFO  - Finding proba
2025-03-17 17:02:38,013 [1] INFO  - Closing connection
2025-03-17 17:02:38,015 [1] INFO  - Finding participant
2025-03-17 17:02:38,016 [1] INFO  - Finding proba
2025-03-17 17:02:38,016 [1] INFO  - Closing connection
2025-03-17 17:02:38,017 [1] INFO  - Finding participant
2025-03-17 17:02:38,018 [1] INFO  - Finding proba
2025-03-17 17:02:38,018 [1] INFO  - Closing connection
2025-03-17 17:02:38,019 [1] INFO  - Finding participant
2025-03-17 17:02:38,020 [1] INFO  - Finding proba
2025-03-17 17:02:38,023 [1] INFO  - Closing connection
2025-03-17 17:02:38,023 [1] INFO  - Finding participant
2025-03-17 17:02:38,025 [1] INFO  - Finding proba
2025-03-17 17:02:38,025 [1] INFO  - Closing connection
2025-03-17 17:02:38,026 [1] INFO  - Finding participant
2025-03-17 17:02:38,028 [1] INFO  - Finding proba
2025-03-17 17:02:38,029 [1] INFO  - Closing connection
2025-03-17 17:02:38,029 [1] INFO  - Finding participant
2025-03-17 17:02:38,030 [1] INFO  - Finding proba
2025-03-17 17:02:38,031 [1] INFO  - Closing connection
2025-03-17 17:02:38,031 [1] INFO  - Finding participant
2025-03-17 17:02:38,032 [1] INFO  - Finding proba
2025-03-17 17:02:38,033 [1] INFO  - Closing connection
2025-03-17 17:02:38,034 [1] INFO  - Finding participant
2025-03-17 17:02:38,034 [1] INFO  - Finding proba
2025-03-17 17:02:38,037 [1] INFO  - Closing connection
2025-03-17 17:02:38,038 [1] INFO  - Finding participant
2025-03-17 17:02:38,039 [1] INFO  - Finding proba
2025-03-17 17:02:38,040 [1] INFO  - Closing connection
2025-03-17 17:02:38,042 [1] INFO  - Finding participant
2025-03-17 17:02:38,043 [1] INFO  - Finding proba
2025-03-17 17:02:38,045 [1] INFO  - Closing connection
2025-03-17 17:02:38,046 [1] INFO  - Finding participant
2025-03-17 17:02:38,047 [1] INFO  - Finding proba
2025-03-17 17:02:38,047 [1] INFO  - Closing connection
2025-03-17 17:02:38,048 [1] INFO  - Finding participant
2025-03-17 17:02:38,049 [1] INFO  - Finding proba
2025-03-17 17:02:38,050 [1] INFO  - Closing connection
2025-03-17 17:02:38,051 [1] INFO  - Finding participant
2025-03-17 17:02:38,052 [1] INFO  - Finding proba
2025-03-17 17:02:38,053 [1] INFO  - Closing connection
2025-03-17 17:02:38,054 [1] INFO  - Finding participant
2025-03-17 17:02:38,056 [1] INFO  - Finding proba
2025-03-17 17:02:38,057 [1] INFO  - Closing connection
2025-03-17 17:02:38,059 [1] INFO  - Finding participant
2025-03-17 17:02:38,060 [1] INFO  - Finding proba
2025-03-17 17:02:38,063 [1] INFO  - Closing connection
2025-03-17 17:02:38,064 [1] INFO  - Finding participant
2025-03-17 17:02:38,065 [1] INFO  - Finding proba
2025-03-17 17:02:38,065 [1] INFO  - Closing connection
2025-03-17 17:02:38,066 [1] INFO  - Finding participant
2025-03-17 17:02:38,067 [1] INFO  - Finding proba
2025-03-17 17:02:38,068 [1] INFO  - Closing connection
2025-03-17 17:02:38,069 [1] INFO  - Finding participant
2025-03-17 17:02:38,069 [1] INFO  - Finding proba
2025-03-17 17:02:38,071 [1] INFO  - Closing connection
2025-03-17 17:02:38,072 [1] INFO  - Finding participant
2025-03-17 17:02:38,073 [1] INFO  - Finding proba
2025-03-17 17:02:38,073 [1] INFO  - Closing connection
2025-03-17 17:02:38,074 [1] INFO  - Finding participant
2025-03-17 17:02:38,075 [1] INFO  - Finding proba
2025-03-17 17:02:38,075 [1] INFO  - Closing connection
2025-03-17 17:02:38,076 [1] INFO  - Finding participant
2025-03-17 17:02:38,081 [1] INFO  - Finding proba
2025-03-17 17:02:38,082 [1] INFO  - Closing connection
2025-03-17 17:02:38,082 [1] INFO  - Finding participant
2025-03-17 17:02:38,083 [1] INFO  - Finding proba
2025-03-17 17:02:38,084 [1] INFO  - Closing connection
2025-03-17 17:02:38,085 [1] INFO  - Finding participant
2025-03-17 17:02:38,087 [1] INFO  - Finding proba
2025-03-17 17:02:38,087 [1] INFO  - Closing connection
2025-03-17 17:02:38,088 [1] INFO  - Finding participant
2025-03-17 17:02:38,089 [1] INFO  - Finding proba
2025-03-17 17:02:38,090 [1] INFO  - Closing connection
2025-03-17 17:02:38,091 [1] INFO  - Finding participant
2025-03-17 17:02:38,092 [1] INFO  - Finding proba
2025-03-17 17:02:38,092 [1] INFO  - Closing connection
2025-03-17 17:02:38,096 [1] INFO  - Finding participant
2025-03-17 17:02:38,097 [1] INFO  - Finding proba
2025-03-17 17:02:38,098 [1] INFO  - Closing connection
2025-03-17 17:02:38,099 [1] INFO  - Finding participant
2025-03-17 17:02:38,100 [1] INFO  - Finding proba
2025-03-17 17:02:38,100 [1] INFO  - Closing connection
2025-03-17 17:02:38,101 [1] INFO  - Finding participant
2025-03-17 17:02:38,102 [1] INFO  - Finding proba
2025-03-17 17:02:38,103 [1] INFO  - Closing connection
2025-03-17 17:02:38,104 [1] INFO  - Finding participant
2025-03-17 17:02:38,105 [1] INFO  - Finding proba
2025-03-17 17:02:38,106 [1] INFO  - Closing connection
2025-03-17 17:02:38,107 [1] INFO  - Finding participant
2025-03-17 17:02:38,108 [1] INFO  - Finding proba
2025-03-17 17:02:38,108 [1] INFO  - Closing connection
2025-03-17 17:02:38,109 [1] INFO  - Finding participant
2025-03-17 17:02:38,110 [1] INFO  - Finding proba
2025-03-17 17:02:38,111 [1] INFO  - Closing connection
2025-03-17 17:02:38,114 [1] INFO  - Finding participant
2025-03-17 17:02:38,115 [1] INFO  - Finding proba
2025-03-17 17:02:38,116 [1] INFO  - Closing connection
2025-03-17 17:02:38,116 [1] INFO  - Finding participant
2025-03-17 17:02:38,117 [1] INFO  - Finding proba
2025-03-17 17:02:38,118 [1] INFO  - Closing connection
2025-03-17 17:02:38,119 [1] INFO  - Finding participant
2025-03-17 17:02:38,119 [1] INFO  - Finding proba
2025-03-17 17:02:38,120 [1] INFO  - Closing connection
2025-03-17 17:02:38,121 [1] INFO  - Finding participant
2025-03-17 17:02:38,122 [1] INFO  - Finding proba
2025-03-17 17:02:38,123 [1] INFO  - Closing connection
2025-03-17 17:02:38,124 [1] INFO  - Finding participant
2025-03-17 17:02:38,125 [1] INFO  - Finding proba
2025-03-17 17:02:38,125 [1] INFO  - Closing connection
2025-03-17 17:02:38,126 [1] INFO  - Finding participant
2025-03-17 17:02:38,129 [1] INFO  - Finding proba
2025-03-17 17:02:38,130 [1] INFO  - Closing connection
2025-03-17 17:02:38,131 [1] INFO  - Finding participant
2025-03-17 17:02:38,132 [1] INFO  - Finding proba
2025-03-17 17:02:38,133 [1] INFO  - Closing connection
2025-03-17 17:02:38,133 [1] INFO  - Finding participant
2025-03-17 17:02:38,134 [1] INFO  - Finding proba
2025-03-17 17:02:38,135 [1] INFO  - Closing connection
2025-03-17 17:02:38,135 [1] INFO  - Finding participant
2025-03-17 17:02:38,137 [1] INFO  - Finding proba
2025-03-17 17:02:38,138 [1] INFO  - Closing connection
2025-03-17 17:02:38,138 [1] INFO  - Finding participant
2025-03-17 17:02:38,140 [1] INFO  - Finding proba
2025-03-17 17:02:38,140 [1] INFO  - Closing connection
2025-03-17 17:02:38,141 [1] INFO  - Finding participant
2025-03-17 17:02:38,142 [1] INFO  - Finding proba
2025-03-17 17:02:38,146 [1] INFO  - Closing connection
2025-03-17 17:02:38,147 [1] INFO  - Finding participant
2025-03-17 17:02:38,147 [1] INFO  - Finding proba
2025-03-17 17:02:38,148 [1] INFO  - Closing connection
2025-03-17 17:02:38,149 [1] INFO  - Finding participant
2025-03-17 17:02:38,149 [1] INFO  - Finding proba
2025-03-17 17:02:38,150 [1] INFO  - Closing connection
2025-03-17 17:02:38,151 [1] INFO  - Finding participant
2025-03-17 17:02:38,152 [1] INFO  - Finding proba
2025-03-17 17:02:38,152 [1] INFO  - Closing connection
2025-03-17 17:02:38,153 [1] INFO  - Closing connection
2025-03-17 17:02:38,153 [1] INFO  - Exiting FindAll with value System.Collections.Generic.List`1[Rezultat]
2025-03-17 17:02:38,157 [1] INFO  - Exiting ParticipantScorDescrescator
2025-03-17 17:02:38,162 [1] INFO csharpPb9.MainClass - End test
2025-03-17 17:05:07,055 [1] INFO csharpPb9.MainClass - App start!
2025-03-17 17:05:07,073 [1] INFO csharpPb9.MainClass - Test
2025-03-17 17:05:07,074 [1] INFO  - Creating ArbitruRepository with properties: System.Collections.Generic.SortedList`2[System.String,System.String]
2025-03-17 17:05:07,082 [1] INFO  - Finding all arbitri
2025-03-17 17:05:07,171 [1] INFO  - Closing connection
2025-03-17 17:05:07,175 [1] INFO  - Exiting FindAll with value System.Collections.Generic.List`1[Arbitru]
2025-03-17 17:05:07,193 [1] INFO  - Finding one arbitru
2025-03-17 17:05:07,212 [1] INFO  - Closing connection
2025-03-17 17:05:07,212 [1] INFO  - Exiting FindOne with value Arbitru{id=2, nume='Ion', username='ion04', password='pass1', id_proba='c1'}
2025-03-17 17:05:07,217 [1] INFO csharpPb9.MainClass - Next text
2025-03-17 17:05:07,220 [1] INFO  - Creating ArbitruRepository with properties: System.Collections.Generic.SortedList`2[System.String,System.String]
2025-03-17 17:05:07,222 [1] INFO  - Finding all participanti
2025-03-17 17:05:07,228 [1] INFO  - Closing connection
2025-03-17 17:05:07,228 [1] INFO  - Exiting FindAll with value System.Collections.Generic.List`1[Participant]
2025-03-17 17:05:07,290 [1] INFO  - Finding One participant
2025-03-17 17:05:07,301 [1] INFO  - Closing connection
2025-03-17 17:05:07,301 [1] INFO  - Exiting FindOne with value Ionescu Maria varsta:30
2025-03-17 17:05:07,302 [1] INFO csharpPb9.MainClass - Next text
2025-03-17 17:05:07,302 [1] INFO  - Creating ProbaRepository with properties: System.Collections.Generic.SortedList`2[System.String,System.String]
2025-03-17 17:05:07,303 [1] INFO  - Finding all probe
2025-03-17 17:05:07,308 [1] INFO  - Closing connection
2025-03-17 17:05:07,309 [1] INFO  - Exiting FindAll with value System.Collections.Generic.List`1[Proba]
2025-03-17 17:05:07,333 [1] INFO  - Finding proba with id c2
2025-03-17 17:05:07,340 [1] INFO  - Closing connection
2025-03-17 17:05:07,340 [1] INFO  - Exiting FindOne with value Proba{id=c2, nume='Pedalat 400 de m', id_arbitru='2', categorie='ciclism'}
2025-03-17 17:05:07,342 [1] INFO  - Find arbitru
2025-03-17 17:05:07,344 [1] INFO  - Found Arbitru
2025-03-17 17:05:07,345 [1] INFO  - Closing connection
2025-03-17 17:05:07,347 [1] INFO csharpPb9.MainClass - Next text
2025-03-17 17:05:07,348 [1] INFO  - Creating ProbaRepository with properties: System.Collections.Generic.SortedList`2[System.String,System.String]
2025-03-17 17:05:07,349 [1] INFO  - Finding all rezultate
2025-03-17 17:05:07,353 [1] INFO  - Finding participant
2025-03-17 17:05:07,354 [1] INFO  - Finding proba
2025-03-17 17:05:07,355 [1] INFO  - Closing connection
2025-03-17 17:05:07,356 [1] INFO  - Finding participant
2025-03-17 17:05:07,357 [1] INFO  - Finding proba
2025-03-17 17:05:07,358 [1] INFO  - Closing connection
2025-03-17 17:05:07,359 [1] INFO  - Finding participant
2025-03-17 17:05:07,360 [1] INFO  - Finding proba
2025-03-17 17:05:07,361 [1] INFO  - Closing connection
2025-03-17 17:05:07,362 [1] INFO  - Finding participant
2025-03-17 17:05:07,363 [1] INFO  - Finding proba
2025-03-17 17:05:07,366 [1] INFO  - Closing connection
2025-03-17 17:05:07,368 [1] INFO  - Finding participant
2025-03-17 17:05:07,369 [1] INFO  - Finding proba
2025-03-17 17:05:07,370 [1] INFO  - Closing connection
2025-03-17 17:05:07,371 [1] INFO  - Finding participant
2025-03-17 17:05:07,371 [1] INFO  - Finding proba
2025-03-17 17:05:07,372 [1] INFO  - Closing connection
2025-03-17 17:05:07,373 [1] INFO  - Finding participant
2025-03-17 17:05:07,374 [1] INFO  - Finding proba
2025-03-17 17:05:07,374 [1] INFO  - Closing connection
2025-03-17 17:05:07,375 [1] INFO  - Finding participant
2025-03-17 17:05:07,376 [1] INFO  - Finding proba
2025-03-17 17:05:07,376 [1] INFO  - Closing connection
2025-03-17 17:05:07,377 [1] INFO  - Finding participant
2025-03-17 17:05:07,378 [1] INFO  - Finding proba
2025-03-17 17:05:07,379 [1] INFO  - Closing connection
2025-03-17 17:05:07,379 [1] INFO  - Finding participant
2025-03-17 17:05:07,380 [1] INFO  - Finding proba
2025-03-17 17:05:07,380 [1] INFO  - Closing connection
2025-03-17 17:05:07,381 [1] INFO  - Finding participant
2025-03-17 17:05:07,385 [1] INFO  - Finding proba
2025-03-17 17:05:07,386 [1] INFO  - Closing connection
2025-03-17 17:05:07,386 [1] INFO  - Finding participant
2025-03-17 17:05:07,387 [1] INFO  - Finding proba
2025-03-17 17:05:07,388 [1] INFO  - Closing connection
2025-03-17 17:05:07,389 [1] INFO  - Finding participant
2025-03-17 17:05:07,390 [1] INFO  - Finding proba
2025-03-17 17:05:07,391 [1] INFO  - Closing connection
2025-03-17 17:05:07,392 [1] INFO  - Finding participant
2025-03-17 17:05:07,393 [1] INFO  - Finding proba
2025-03-17 17:05:07,394 [1] INFO  - Closing connection
2025-03-17 17:05:07,395 [1] INFO  - Finding participant
2025-03-17 17:05:07,395 [1] INFO  - Finding proba
2025-03-17 17:05:07,396 [1] INFO  - Closing connection
2025-03-17 17:05:07,399 [1] INFO  - Finding participant
2025-03-17 17:05:07,400 [1] INFO  - Finding proba
2025-03-17 17:05:07,401 [1] INFO  - Closing connection
2025-03-17 17:05:07,402 [1] INFO  - Finding participant
2025-03-17 17:05:07,403 [1] INFO  - Finding proba
2025-03-17 17:05:07,403 [1] INFO  - Closing connection
2025-03-17 17:05:07,404 [1] INFO  - Finding participant
2025-03-17 17:05:07,405 [1] INFO  - Finding proba
2025-03-17 17:05:07,406 [1] INFO  - Closing connection
2025-03-17 17:05:07,407 [1] INFO  - Finding participant
2025-03-17 17:05:07,407 [1] INFO  - Finding proba
2025-03-17 17:05:07,408 [1] INFO  - Closing connection
2025-03-17 17:05:07,409 [1] INFO  - Finding participant
2025-03-17 17:05:07,410 [1] INFO  - Finding proba
2025-03-17 17:05:07,411 [1] INFO  - Closing connection
2025-03-17 17:05:07,412 [1] INFO  - Finding participant
2025-03-17 17:05:07,413 [1] INFO  - Finding proba
2025-03-17 17:05:07,415 [1] INFO  - Closing connection
2025-03-17 17:05:07,416 [1] INFO  - Finding participant
2025-03-17 17:05:07,418 [1] INFO  - Finding proba
2025-03-17 17:05:07,427 [1] INFO  - Closing connection
2025-03-17 17:05:07,427 [1] INFO  - Finding participant
2025-03-17 17:05:07,428 [1] INFO  - Finding proba
2025-03-17 17:05:07,431 [1] INFO  - Closing connection
2025-03-17 17:05:07,433 [1] INFO  - Finding participant
2025-03-17 17:05:07,434 [1] INFO  - Finding proba
2025-03-17 17:05:07,437 [1] INFO  - Closing connection
2025-03-17 17:05:07,437 [1] INFO  - Finding participant
2025-03-17 17:05:07,439 [1] INFO  - Finding proba
2025-03-17 17:05:07,439 [1] INFO  - Closing connection
2025-03-17 17:05:07,440 [1] INFO  - Finding participant
2025-03-17 17:05:07,441 [1] INFO  - Finding proba
2025-03-17 17:05:07,441 [1] INFO  - Closing connection
2025-03-17 17:05:07,442 [1] INFO  - Finding participant
2025-03-17 17:05:07,443 [1] INFO  - Finding proba
2025-03-17 17:05:07,445 [1] INFO  - Closing connection
2025-03-17 17:05:07,445 [1] INFO  - Finding participant
2025-03-17 17:05:07,446 [1] INFO  - Finding proba
2025-03-17 17:05:07,447 [1] INFO  - Closing connection
2025-03-17 17:05:07,448 [1] INFO  - Finding participant
2025-03-17 17:05:07,449 [1] INFO  - Finding proba
2025-03-17 17:05:07,450 [1] INFO  - Closing connection
2025-03-17 17:05:07,454 [1] INFO  - Finding participant
2025-03-17 17:05:07,455 [1] INFO  - Finding proba
2025-03-17 17:05:07,456 [1] INFO  - Closing connection
2025-03-17 17:05:07,457 [1] INFO  - Finding participant
2025-03-17 17:05:07,458 [1] INFO  - Finding proba
2025-03-17 17:05:07,459 [1] INFO  - Closing connection
2025-03-17 17:05:07,459 [1] INFO  - Finding participant
2025-03-17 17:05:07,460 [1] INFO  - Finding proba
2025-03-17 17:05:07,461 [1] INFO  - Closing connection
2025-03-17 17:05:07,463 [1] INFO  - Finding participant
2025-03-17 17:05:07,463 [1] INFO  - Finding proba
2025-03-17 17:05:07,465 [1] INFO  - Closing connection
2025-03-17 17:05:07,466 [1] INFO  - Finding participant
2025-03-17 17:05:07,468 [1] INFO  - Finding proba
2025-03-17 17:05:07,469 [1] INFO  - Closing connection
2025-03-17 17:05:07,470 [1] INFO  - Finding participant
2025-03-17 17:05:07,471 [1] INFO  - Finding proba
2025-03-17 17:05:07,472 [1] INFO  - Closing connection
2025-03-17 17:05:07,473 [1] INFO  - Finding participant
2025-03-17 17:05:07,474 [1] INFO  - Finding proba
2025-03-17 17:05:07,478 [1] INFO  - Closing connection
2025-03-17 17:05:07,479 [1] INFO  - Finding participant
2025-03-17 17:05:07,479 [1] INFO  - Finding proba
2025-03-17 17:05:07,479 [1] INFO  - Closing connection
2025-03-17 17:05:07,480 [1] INFO  - Finding participant
2025-03-17 17:05:07,481 [1] INFO  - Finding proba
2025-03-17 17:05:07,482 [1] INFO  - Closing connection
2025-03-17 17:05:07,487 [1] INFO  - Finding participant
2025-03-17 17:05:07,493 [1] INFO  - Finding proba
2025-03-17 17:05:07,494 [1] INFO  - Closing connection
2025-03-17 17:05:07,495 [1] INFO  - Finding participant
2025-03-17 17:05:07,496 [1] INFO  - Finding proba
2025-03-17 17:05:07,497 [1] INFO  - Closing connection
2025-03-17 17:05:07,498 [1] INFO  - Finding participant
2025-03-17 17:05:07,500 [1] INFO  - Finding proba
2025-03-17 17:05:07,501 [1] INFO  - Closing connection
2025-03-17 17:05:07,503 [1] INFO  - Finding participant
2025-03-17 17:05:07,504 [1] INFO  - Finding proba
2025-03-17 17:05:07,506 [1] INFO  - Closing connection
2025-03-17 17:05:07,506 [1] INFO  - Finding participant
2025-03-17 17:05:07,506 [1] INFO  - Finding proba
2025-03-17 17:05:07,507 [1] INFO  - Closing connection
2025-03-17 17:05:07,512 [1] INFO  - Finding participant
2025-03-17 17:05:07,512 [1] INFO  - Finding proba
2025-03-17 17:05:07,519 [1] INFO  - Closing connection
2025-03-17 17:05:07,520 [1] INFO  - Finding participant
2025-03-17 17:05:07,521 [1] INFO  - Finding proba
2025-03-17 17:05:07,525 [1] INFO  - Closing connection
2025-03-17 17:05:07,525 [1] INFO  - Finding participant
2025-03-17 17:05:07,528 [1] INFO  - Finding proba
2025-03-17 17:05:07,530 [1] INFO  - Closing connection
2025-03-17 17:05:07,536 [1] INFO  - Finding participant
2025-03-17 17:05:07,538 [1] INFO  - Finding proba
2025-03-17 17:05:07,540 [1] INFO  - Closing connection
2025-03-17 17:05:07,541 [1] INFO  - Finding participant
2025-03-17 17:05:07,544 [1] INFO  - Finding proba
2025-03-17 17:05:07,545 [1] INFO  - Closing connection
2025-03-17 17:05:07,547 [1] INFO  - Finding participant
2025-03-17 17:05:07,548 [1] INFO  - Finding proba
2025-03-17 17:05:07,550 [1] INFO  - Closing connection
2025-03-17 17:05:07,551 [1] INFO  - Finding participant
2025-03-17 17:05:07,553 [1] INFO  - Finding proba
2025-03-17 17:05:07,555 [1] INFO  - Closing connection
2025-03-17 17:05:07,557 [1] INFO  - Finding participant
2025-03-17 17:05:07,558 [1] INFO  - Finding proba
2025-03-17 17:05:07,560 [1] INFO  - Closing connection
2025-03-17 17:05:07,561 [1] INFO  - Finding participant
2025-03-17 17:05:07,562 [1] INFO  - Finding proba
2025-03-17 17:05:07,563 [1] INFO  - Closing connection
2025-03-17 17:05:07,565 [1] INFO  - Closing connection
2025-03-17 17:05:07,566 [1] INFO  - Exiting FindAll with value System.Collections.Generic.List`1[Rezultat]
2025-03-17 17:05:07,632 [1] INFO  - Finding rezultat with id 2
2025-03-17 17:05:07,636 [1] INFO  - Finding participant
2025-03-17 17:05:07,639 [1] INFO  - Finding proba
2025-03-17 17:05:07,640 [1] INFO  - Closing connection
2025-03-17 17:05:07,641 [1] INFO  - Closing connection
2025-03-17 17:05:07,643 [1] INFO  - Exiting findOne with value Rezultat{id=2, Participant=Stan Ioana varsta:27, Proba=Proba{id=c1, nume='Pedalat 200 de m', id_arbitru='1', categorie='ciclism'}, Scor=152}
2025-03-17 17:05:07,645 [1] INFO  - Participanti alfabetic
2025-03-17 17:05:07,646 [1] INFO  - Finding all rezultate
2025-03-17 17:05:07,648 [1] INFO  - Finding participant
2025-03-17 17:05:07,649 [1] INFO  - Finding proba
2025-03-17 17:05:07,652 [1] INFO  - Closing connection
2025-03-17 17:05:07,653 [1] INFO  - Finding participant
2025-03-17 17:05:07,654 [1] INFO  - Finding proba
2025-03-17 17:05:07,655 [1] INFO  - Closing connection
2025-03-17 17:05:07,656 [1] INFO  - Finding participant
2025-03-17 17:05:07,658 [1] INFO  - Finding proba
2025-03-17 17:05:07,659 [1] INFO  - Closing connection
2025-03-17 17:05:07,659 [1] INFO  - Finding participant
2025-03-17 17:05:07,661 [1] INFO  - Finding proba
2025-03-17 17:05:07,661 [1] INFO  - Closing connection
2025-03-17 17:05:07,662 [1] INFO  - Finding participant
2025-03-17 17:05:07,663 [1] INFO  - Finding proba
2025-03-17 17:05:07,663 [1] INFO  - Closing connection
2025-03-17 17:05:07,665 [1] INFO  - Finding participant
2025-03-17 17:05:07,668 [1] INFO  - Finding proba
2025-03-17 17:05:07,669 [1] INFO  - Closing connection
2025-03-17 17:05:07,670 [1] INFO  - Finding participant
2025-03-17 17:05:07,671 [1] INFO  - Finding proba
2025-03-17 17:05:07,672 [1] INFO  - Closing connection
2025-03-17 17:05:07,673 [1] INFO  - Finding participant
2025-03-17 17:05:07,673 [1] INFO  - Finding proba
2025-03-17 17:05:07,675 [1] INFO  - Closing connection
2025-03-17 17:05:07,676 [1] INFO  - Finding participant
2025-03-17 17:05:07,677 [1] INFO  - Finding proba
2025-03-17 17:05:07,678 [1] INFO  - Closing connection
2025-03-17 17:05:07,679 [1] INFO  - Finding participant
2025-03-17 17:05:07,680 [1] INFO  - Finding proba
2025-03-17 17:05:07,680 [1] INFO  - Closing connection
2025-03-17 17:05:07,684 [1] INFO  - Finding participant
2025-03-17 17:05:07,684 [1] INFO  - Finding proba
2025-03-17 17:05:07,685 [1] INFO  - Closing connection
2025-03-17 17:05:07,687 [1] INFO  - Finding participant
2025-03-17 17:05:07,688 [1] INFO  - Finding proba
2025-03-17 17:05:07,688 [1] INFO  - Closing connection
2025-03-17 17:05:07,689 [1] INFO  - Finding participant
2025-03-17 17:05:07,690 [1] INFO  - Finding proba
2025-03-17 17:05:07,691 [1] INFO  - Closing connection
2025-03-17 17:05:07,692 [1] INFO  - Finding participant
2025-03-17 17:05:07,697 [1] INFO  - Finding proba
2025-03-17 17:05:07,698 [1] INFO  - Closing connection
2025-03-17 17:05:07,700 [1] INFO  - Finding participant
2025-03-17 17:05:07,700 [1] INFO  - Finding proba
2025-03-17 17:05:07,701 [1] INFO  - Closing connection
2025-03-17 17:05:07,702 [1] INFO  - Finding participant
2025-03-17 17:05:07,704 [1] INFO  - Finding proba
2025-03-17 17:05:07,705 [1] INFO  - Closing connection
2025-03-17 17:05:07,707 [1] INFO  - Finding participant
2025-03-17 17:05:07,709 [1] INFO  - Finding proba
2025-03-17 17:05:07,710 [1] INFO  - Closing connection
2025-03-17 17:05:07,711 [1] INFO  - Finding participant
2025-03-17 17:05:07,712 [1] INFO  - Finding proba
2025-03-17 17:05:07,713 [1] INFO  - Closing connection
2025-03-17 17:05:07,714 [1] INFO  - Finding participant
2025-03-17 17:05:07,715 [1] INFO  - Finding proba
2025-03-17 17:05:07,716 [1] INFO  - Closing connection
2025-03-17 17:05:07,717 [1] INFO  - Finding participant
2025-03-17 17:05:07,718 [1] INFO  - Finding proba
2025-03-17 17:05:07,719 [1] INFO  - Closing connection
2025-03-17 17:05:07,720 [1] INFO  - Finding participant
2025-03-17 17:05:07,721 [1] INFO  - Finding proba
2025-03-17 17:05:07,725 [1] INFO  - Closing connection
2025-03-17 17:05:07,726 [1] INFO  - Finding participant
2025-03-17 17:05:07,727 [1] INFO  - Finding proba
2025-03-17 17:05:07,728 [1] INFO  - Closing connection
2025-03-17 17:05:07,730 [1] INFO  - Finding participant
2025-03-17 17:05:07,731 [1] INFO  - Finding proba
2025-03-17 17:05:07,732 [1] INFO  - Closing connection
2025-03-17 17:05:07,733 [1] INFO  - Finding participant
2025-03-17 17:05:07,734 [1] INFO  - Finding proba
2025-03-17 17:05:07,735 [1] INFO  - Closing connection
2025-03-17 17:05:07,736 [1] INFO  - Finding participant
2025-03-17 17:05:07,738 [1] INFO  - Finding proba
2025-03-17 17:05:07,742 [1] INFO  - Closing connection
2025-03-17 17:05:07,743 [1] INFO  - Finding participant
2025-03-17 17:05:07,744 [1] INFO  - Finding proba
2025-03-17 17:05:07,745 [1] INFO  - Closing connection
2025-03-17 17:05:07,750 [1] INFO  - Finding participant
2025-03-17 17:05:07,751 [1] INFO  - Finding proba
2025-03-17 17:05:07,753 [1] INFO  - Closing connection
2025-03-17 17:05:07,756 [1] INFO  - Finding participant
2025-03-17 17:05:07,758 [1] INFO  - Finding proba
2025-03-17 17:05:07,760 [1] INFO  - Closing connection
2025-03-17 17:05:07,761 [1] INFO  - Finding participant
2025-03-17 17:05:07,762 [1] INFO  - Finding proba
2025-03-17 17:05:07,763 [1] INFO  - Closing connection
2025-03-17 17:05:07,764 [1] INFO  - Finding participant
2025-03-17 17:05:07,765 [1] INFO  - Finding proba
2025-03-17 17:05:07,766 [1] INFO  - Closing connection
2025-03-17 17:05:07,768 [1] INFO  - Finding participant
2025-03-17 17:05:07,768 [1] INFO  - Finding proba
2025-03-17 17:05:07,771 [1] INFO  - Closing connection
2025-03-17 17:05:07,772 [1] INFO  - Finding participant
2025-03-17 17:05:07,774 [1] INFO  - Finding proba
2025-03-17 17:05:07,775 [1] INFO  - Closing connection
2025-03-17 17:05:07,776 [1] INFO  - Finding participant
2025-03-17 17:05:07,777 [1] INFO  - Finding proba
2025-03-17 17:05:07,778 [1] INFO  - Closing connection
2025-03-17 17:05:07,779 [1] INFO  - Finding participant
2025-03-17 17:05:07,781 [1] INFO  - Finding proba
2025-03-17 17:05:07,782 [1] INFO  - Closing connection
2025-03-17 17:05:07,784 [1] INFO  - Finding participant
2025-03-17 17:05:07,785 [1] INFO  - Finding proba
2025-03-17 17:05:07,788 [1] INFO  - Closing connection
2025-03-17 17:05:07,789 [1] INFO  - Finding participant
2025-03-17 17:05:07,791 [1] INFO  - Finding proba
2025-03-17 17:05:07,792 [1] INFO  - Closing connection
2025-03-17 17:05:07,793 [1] INFO  - Finding participant
2025-03-17 17:05:07,794 [1] INFO  - Finding proba
2025-03-17 17:05:07,795 [1] INFO  - Closing connection
2025-03-17 17:05:07,796 [1] INFO  - Finding participant
2025-03-17 17:05:07,797 [1] INFO  - Finding proba
2025-03-17 17:05:07,798 [1] INFO  - Closing connection
2025-03-17 17:05:07,798 [1] INFO  - Finding participant
2025-03-17 17:05:07,799 [1] INFO  - Finding proba
2025-03-17 17:05:07,800 [1] INFO  - Closing connection
2025-03-17 17:05:07,803 [1] INFO  - Finding participant
2025-03-17 17:05:07,804 [1] INFO  - Finding proba
2025-03-17 17:05:07,805 [1] INFO  - Closing connection
2025-03-17 17:05:07,806 [1] INFO  - Finding participant
2025-03-17 17:05:07,807 [1] INFO  - Finding proba
2025-03-17 17:05:07,809 [1] INFO  - Closing connection
2025-03-17 17:05:07,810 [1] INFO  - Finding participant
2025-03-17 17:05:07,811 [1] INFO  - Finding proba
2025-03-17 17:05:07,812 [1] INFO  - Closing connection
2025-03-17 17:05:07,813 [1] INFO  - Finding participant
2025-03-17 17:05:07,814 [1] INFO  - Finding proba
2025-03-17 17:05:07,815 [1] INFO  - Closing connection
2025-03-17 17:05:07,817 [1] INFO  - Finding participant
2025-03-17 17:05:07,818 [1] INFO  - Finding proba
2025-03-17 17:05:07,819 [1] INFO  - Closing connection
2025-03-17 17:05:07,823 [1] INFO  - Finding participant
2025-03-17 17:05:07,824 [1] INFO  - Finding proba
2025-03-17 17:05:07,825 [1] INFO  - Closing connection
2025-03-17 17:05:07,826 [1] INFO  - Finding participant
2025-03-17 17:05:07,827 [1] INFO  - Finding proba
2025-03-17 17:05:07,828 [1] INFO  - Closing connection
2025-03-17 17:05:07,829 [1] INFO  - Finding participant
2025-03-17 17:05:07,831 [1] INFO  - Finding proba
2025-03-17 17:05:07,832 [1] INFO  - Closing connection
2025-03-17 17:05:07,832 [1] INFO  - Finding participant
2025-03-17 17:05:07,834 [1] INFO  - Finding proba
2025-03-17 17:05:07,834 [1] INFO  - Closing connection
2025-03-17 17:05:07,835 [1] INFO  - Finding participant
2025-03-17 17:05:07,836 [1] INFO  - Finding proba
2025-03-17 17:05:07,837 [1] INFO  - Closing connection
2025-03-17 17:05:07,841 [1] INFO  - Finding participant
2025-03-17 17:05:07,843 [1] INFO  - Finding proba
2025-03-17 17:05:07,844 [1] INFO  - Closing connection
2025-03-17 17:05:07,845 [1] INFO  - Finding participant
2025-03-17 17:05:07,846 [1] INFO  - Finding proba
2025-03-17 17:05:07,847 [1] INFO  - Closing connection
2025-03-17 17:05:07,847 [1] INFO  - Finding participant
2025-03-17 17:05:07,848 [1] INFO  - Finding proba
2025-03-17 17:05:07,849 [1] INFO  - Closing connection
2025-03-17 17:05:07,850 [1] INFO  - Closing connection
2025-03-17 17:05:07,851 [1] INFO  - Exiting FindAll with value System.Collections.Generic.List`1[Rezultat]
2025-03-17 17:05:07,871 [1] INFO  - Exiting ParticipantiAlfabetic
2025-03-17 17:05:07,911 [1] INFO  - c2 scor descrescator
2025-03-17 17:05:07,911 [1] INFO  - Finding all rezultate
2025-03-17 17:05:07,913 [1] INFO  - Finding participant
2025-03-17 17:05:07,914 [1] INFO  - Finding proba
2025-03-17 17:05:07,915 [1] INFO  - Closing connection
2025-03-17 17:05:07,921 [1] INFO  - Finding participant
2025-03-17 17:05:07,922 [1] INFO  - Finding proba
2025-03-17 17:05:07,923 [1] INFO  - Closing connection
2025-03-17 17:05:07,924 [1] INFO  - Finding participant
2025-03-17 17:05:07,925 [1] INFO  - Finding proba
2025-03-17 17:05:07,926 [1] INFO  - Closing connection
2025-03-17 17:05:07,927 [1] INFO  - Finding participant
2025-03-17 17:05:07,928 [1] INFO  - Finding proba
2025-03-17 17:05:07,929 [1] INFO  - Closing connection
2025-03-17 17:05:07,930 [1] INFO  - Finding participant
2025-03-17 17:05:07,933 [1] INFO  - Finding proba
2025-03-17 17:05:07,934 [1] INFO  - Closing connection
2025-03-17 17:05:07,935 [1] INFO  - Finding participant
2025-03-17 17:05:07,936 [1] INFO  - Finding proba
2025-03-17 17:05:07,938 [1] INFO  - Closing connection
2025-03-17 17:05:07,939 [1] INFO  - Finding participant
2025-03-17 17:05:07,940 [1] INFO  - Finding proba
2025-03-17 17:05:07,942 [1] INFO  - Closing connection
2025-03-17 17:05:07,944 [1] INFO  - Finding participant
2025-03-17 17:05:07,944 [1] INFO  - Finding proba
2025-03-17 17:05:07,945 [1] INFO  - Closing connection
2025-03-17 17:05:07,947 [1] INFO  - Finding participant
2025-03-17 17:05:07,948 [1] INFO  - Finding proba
2025-03-17 17:05:07,949 [1] INFO  - Closing connection
2025-03-17 17:05:07,950 [1] INFO  - Finding participant
2025-03-17 17:05:07,951 [1] INFO  - Finding proba
2025-03-17 17:05:07,952 [1] INFO  - Closing connection
2025-03-17 17:05:07,953 [1] INFO  - Finding participant
2025-03-17 17:05:07,953 [1] INFO  - Finding proba
2025-03-17 17:05:07,954 [1] INFO  - Closing connection
2025-03-17 17:05:07,955 [1] INFO  - Finding participant
2025-03-17 17:05:07,956 [1] INFO  - Finding proba
2025-03-17 17:05:07,957 [1] INFO  - Closing connection
2025-03-17 17:05:07,961 [1] INFO  - Finding participant
2025-03-17 17:05:07,962 [1] INFO  - Finding proba
2025-03-17 17:05:07,967 [1] INFO  - Closing connection
2025-03-17 17:05:07,968 [1] INFO  - Finding participant
2025-03-17 17:05:07,970 [1] INFO  - Finding proba
2025-03-17 17:05:07,971 [1] INFO  - Closing connection
2025-03-17 17:05:07,971 [1] INFO  - Finding participant
2025-03-17 17:05:07,972 [1] INFO  - Finding proba
2025-03-17 17:05:07,973 [1] INFO  - Closing connection
2025-03-17 17:05:07,973 [1] INFO  - Finding participant
2025-03-17 17:05:07,974 [1] INFO  - Finding proba
2025-03-17 17:05:07,975 [1] INFO  - Closing connection
2025-03-17 17:05:07,976 [1] INFO  - Finding participant
2025-03-17 17:05:07,979 [1] INFO  - Finding proba
2025-03-17 17:05:07,980 [1] INFO  - Closing connection
2025-03-17 17:05:07,980 [1] INFO  - Finding participant
2025-03-17 17:05:07,981 [1] INFO  - Finding proba
2025-03-17 17:05:07,982 [1] INFO  - Closing connection
2025-03-17 17:05:07,983 [1] INFO  - Finding participant
2025-03-17 17:05:07,984 [1] INFO  - Finding proba
2025-03-17 17:05:07,985 [1] INFO  - Closing connection
2025-03-17 17:05:07,985 [1] INFO  - Finding participant
2025-03-17 17:05:07,986 [1] INFO  - Finding proba
2025-03-17 17:05:07,987 [1] INFO  - Closing connection
2025-03-17 17:05:07,987 [1] INFO  - Finding participant
2025-03-17 17:05:07,988 [1] INFO  - Finding proba
2025-03-17 17:05:07,989 [1] INFO  - Closing connection
2025-03-17 17:05:07,990 [1] INFO  - Finding participant
2025-03-17 17:05:07,991 [1] INFO  - Finding proba
2025-03-17 17:05:07,994 [1] INFO  - Closing connection
2025-03-17 17:05:07,994 [1] INFO  - Finding participant
2025-03-17 17:05:07,995 [1] INFO  - Finding proba
2025-03-17 17:05:07,996 [1] INFO  - Closing connection
2025-03-17 17:05:07,997 [1] INFO  - Finding participant
2025-03-17 17:05:07,997 [1] INFO  - Finding proba
2025-03-17 17:05:07,998 [1] INFO  - Closing connection
2025-03-17 17:05:07,999 [1] INFO  - Finding participant
2025-03-17 17:05:07,999 [1] INFO  - Finding proba
2025-03-17 17:05:08,000 [1] INFO  - Closing connection
2025-03-17 17:05:08,001 [1] INFO  - Finding participant
2025-03-17 17:05:08,001 [1] INFO  - Finding proba
2025-03-17 17:05:08,002 [1] INFO  - Closing connection
2025-03-17 17:05:08,003 [1] INFO  - Finding participant
2025-03-17 17:05:08,003 [1] INFO  - Finding proba
2025-03-17 17:05:08,004 [1] INFO  - Closing connection
2025-03-17 17:05:08,004 [1] INFO  - Finding participant
2025-03-17 17:05:08,005 [1] INFO  - Finding proba
2025-03-17 17:05:08,006 [1] INFO  - Closing connection
2025-03-17 17:05:08,006 [1] INFO  - Finding participant
2025-03-17 17:05:08,007 [1] INFO  - Finding proba
2025-03-17 17:05:08,008 [1] INFO  - Closing connection
2025-03-17 17:05:08,011 [1] INFO  - Finding participant
2025-03-17 17:05:08,012 [1] INFO  - Finding proba
2025-03-17 17:05:08,013 [1] INFO  - Closing connection
2025-03-17 17:05:08,013 [1] INFO  - Finding participant
2025-03-17 17:05:08,014 [1] INFO  - Finding proba
2025-03-17 17:05:08,014 [1] INFO  - Closing connection
2025-03-17 17:05:08,015 [1] INFO  - Finding participant
2025-03-17 17:05:08,016 [1] INFO  - Finding proba
2025-03-17 17:05:08,017 [1] INFO  - Closing connection
2025-03-17 17:05:08,017 [1] INFO  - Finding participant
2025-03-17 17:05:08,018 [1] INFO  - Finding proba
2025-03-17 17:05:08,018 [1] INFO  - Closing connection
2025-03-17 17:05:08,019 [1] INFO  - Finding participant
2025-03-17 17:05:08,020 [1] INFO  - Finding proba
2025-03-17 17:05:08,020 [1] INFO  - Closing connection
2025-03-17 17:05:08,021 [1] INFO  - Finding participant
2025-03-17 17:05:08,022 [1] INFO  - Finding proba
2025-03-17 17:05:08,022 [1] INFO  - Closing connection
2025-03-17 17:05:08,025 [1] INFO  - Finding participant
2025-03-17 17:05:08,026 [1] INFO  - Finding proba
2025-03-17 17:05:08,027 [1] INFO  - Closing connection
2025-03-17 17:05:08,028 [1] INFO  - Finding participant
2025-03-17 17:05:08,029 [1] INFO  - Finding proba
2025-03-17 17:05:08,030 [1] INFO  - Closing connection
2025-03-17 17:05:08,031 [1] INFO  - Finding participant
2025-03-17 17:05:08,032 [1] INFO  - Finding proba
2025-03-17 17:05:08,033 [1] INFO  - Closing connection
2025-03-17 17:05:08,033 [1] INFO  - Finding participant
2025-03-17 17:05:08,034 [1] INFO  - Finding proba
2025-03-17 17:05:08,035 [1] INFO  - Closing connection
2025-03-17 17:05:08,036 [1] INFO  - Finding participant
2025-03-17 17:05:08,037 [1] INFO  - Finding proba
2025-03-17 17:05:08,038 [1] INFO  - Closing connection
2025-03-17 17:05:08,039 [1] INFO  - Finding participant
2025-03-17 17:05:08,040 [1] INFO  - Finding proba
2025-03-17 17:05:08,044 [1] INFO  - Closing connection
2025-03-17 17:05:08,045 [1] INFO  - Finding participant
2025-03-17 17:05:08,047 [1] INFO  - Finding proba
2025-03-17 17:05:08,048 [1] INFO  - Closing connection
2025-03-17 17:05:08,050 [1] INFO  - Finding participant
2025-03-17 17:05:08,051 [1] INFO  - Finding proba
2025-03-17 17:05:08,052 [1] INFO  - Closing connection
2025-03-17 17:05:08,053 [1] INFO  - Finding participant
2025-03-17 17:05:08,055 [1] INFO  - Finding proba
2025-03-17 17:05:08,057 [1] INFO  - Closing connection
2025-03-17 17:05:08,062 [1] INFO  - Finding participant
2025-03-17 17:05:08,063 [1] INFO  - Finding proba
2025-03-17 17:05:08,065 [1] INFO  - Closing connection
2025-03-17 17:05:08,066 [1] INFO  - Finding participant
2025-03-17 17:05:08,068 [1] INFO  - Finding proba
2025-03-17 17:05:08,069 [1] INFO  - Closing connection
2025-03-17 17:05:08,071 [1] INFO  - Finding participant
2025-03-17 17:05:08,073 [1] INFO  - Finding proba
2025-03-17 17:05:08,075 [1] INFO  - Closing connection
2025-03-17 17:05:08,077 [1] INFO  - Finding participant
2025-03-17 17:05:08,079 [1] INFO  - Finding proba
2025-03-17 17:05:08,080 [1] INFO  - Closing connection
2025-03-17 17:05:08,081 [1] INFO  - Finding participant
2025-03-17 17:05:08,084 [1] INFO  - Finding proba
2025-03-17 17:05:08,088 [1] INFO  - Closing connection
2025-03-17 17:05:08,090 [1] INFO  - Finding participant
2025-03-17 17:05:08,091 [1] INFO  - Finding proba
2025-03-17 17:05:08,091 [1] INFO  - Closing connection
2025-03-17 17:05:08,092 [1] INFO  - Finding participant
2025-03-17 17:05:08,094 [1] INFO  - Finding proba
2025-03-17 17:05:08,095 [1] INFO  - Closing connection
2025-03-17 17:05:08,095 [1] INFO  - Finding participant
2025-03-17 17:05:08,096 [1] INFO  - Finding proba
2025-03-17 17:05:08,097 [1] INFO  - Closing connection
2025-03-17 17:05:08,099 [1] INFO  - Closing connection
2025-03-17 17:05:08,102 [1] INFO  - Exiting FindAll with value System.Collections.Generic.List`1[Rezultat]
2025-03-17 17:05:08,106 [1] INFO  - Exiting ParticipantScorDescrescator
2025-03-17 17:05:08,108 [1] INFO csharpPb9.MainClass - End test
2025-03-18 13:36:37,377 [1] INFO csharpPb9.MainClass - App start!
2025-03-18 13:36:37,386 [1] INFO csharpPb9.MainClass - Test
2025-03-18 13:36:37,387 [1] INFO  - Creating ArbitruRepository with properties: System.Collections.Generic.SortedList`2[System.String,System.String]
2025-03-18 13:36:37,399 [1] INFO  - Finding all arbitri
2025-03-18 13:36:37,639 [1] INFO  - Closing connection
2025-03-18 13:36:37,640 [1] INFO  - Exiting FindAll with value System.Collections.Generic.List`1[Arbitru]
2025-03-18 13:36:37,649 [1] INFO  - Finding one arbitru
2025-03-18 13:36:37,653 [1] INFO  - Closing connection
2025-03-18 13:36:37,655 [1] INFO  - Exiting FindOne with value Arbitru{id=2, nume='Ion', username='ion04', password='pass1', id_proba='c1'}
2025-03-18 13:36:37,656 [1] INFO csharpPb9.MainClass - Next text
2025-03-18 13:36:37,657 [1] INFO  - Creating ArbitruRepository with properties: System.Collections.Generic.SortedList`2[System.String,System.String]
2025-03-18 13:36:37,657 [1] INFO  - Finding all participanti
2025-03-18 13:36:37,659 [1] INFO  - Closing connection
2025-03-18 13:36:37,659 [1] INFO  - Exiting FindAll with value System.Collections.Generic.List`1[Participant]
2025-03-18 13:36:37,677 [1] INFO  - Finding One participant
2025-03-18 13:36:37,678 [1] INFO  - Closing connection
2025-03-18 13:36:37,678 [1] INFO  - Exiting FindOne with value Ionescu Maria varsta:30
2025-03-18 13:36:37,679 [1] INFO csharpPb9.MainClass - Next text
2025-03-18 13:36:37,680 [1] INFO  - Creating ProbaRepository with properties: System.Collections.Generic.SortedList`2[System.String,System.String]
2025-03-18 13:36:37,680 [1] INFO  - Finding all probe
2025-03-18 13:36:37,681 [1] INFO  - Closing connection
2025-03-18 13:36:37,682 [1] INFO  - Exiting FindAll with value System.Collections.Generic.List`1[Proba]
2025-03-18 13:36:37,691 [1] INFO  - Finding proba with id c2
2025-03-18 13:36:37,693 [1] INFO  - Closing connection
2025-03-18 13:36:37,693 [1] INFO  - Exiting FindOne with value Proba{id=c2, nume='Pedalat 400 de m', id_arbitru='2', categorie='ciclism'}
2025-03-18 13:36:37,694 [1] INFO  - Find arbitru
2025-03-18 13:36:37,694 [1] INFO  - Found Arbitru
2025-03-18 13:36:37,695 [1] INFO  - Closing connection
2025-03-18 13:36:37,695 [1] INFO csharpPb9.MainClass - Next text
2025-03-18 13:36:37,696 [1] INFO  - Creating ProbaRepository with properties: System.Collections.Generic.SortedList`2[System.String,System.String]
2025-03-18 13:36:37,696 [1] INFO  - Finding all rezultate
2025-03-18 13:36:37,697 [1] INFO  - Finding participant
2025-03-18 13:36:37,698 [1] INFO  - Finding proba
2025-03-18 13:36:37,698 [1] INFO  - Closing connection
2025-03-18 13:36:37,698 [1] INFO  - Finding participant
2025-03-18 13:36:37,698 [1] INFO  - Finding proba
2025-03-18 13:36:37,699 [1] INFO  - Closing connection
2025-03-18 13:36:37,699 [1] INFO  - Finding participant
2025-03-18 13:36:37,699 [1] INFO  - Finding proba
2025-03-18 13:36:37,700 [1] INFO  - Closing connection
2025-03-18 13:36:37,702 [1] INFO  - Finding participant
2025-03-18 13:36:37,702 [1] INFO  - Finding proba
2025-03-18 13:36:37,703 [1] INFO  - Closing connection
2025-03-18 13:36:37,703 [1] INFO  - Finding participant
2025-03-18 13:36:37,703 [1] INFO  - Finding proba
2025-03-18 13:36:37,703 [1] INFO  - Closing connection
2025-03-18 13:36:37,704 [1] INFO  - Finding participant
2025-03-18 13:36:37,704 [1] INFO  - Finding proba
2025-03-18 13:36:37,704 [1] INFO  - Closing connection
2025-03-18 13:36:37,705 [1] INFO  - Finding participant
2025-03-18 13:36:37,705 [1] INFO  - Finding proba
2025-03-18 13:36:37,705 [1] INFO  - Closing connection
2025-03-18 13:36:37,706 [1] INFO  - Finding participant
2025-03-18 13:36:37,706 [1] INFO  - Finding proba
2025-03-18 13:36:37,706 [1] INFO  - Closing connection
2025-03-18 13:36:37,707 [1] INFO  - Finding participant
2025-03-18 13:36:37,707 [1] INFO  - Finding proba
2025-03-18 13:36:37,707 [1] INFO  - Closing connection
2025-03-18 13:36:37,708 [1] INFO  - Finding participant
2025-03-18 13:36:37,708 [1] INFO  - Finding proba
2025-03-18 13:36:37,708 [1] INFO  - Closing connection
2025-03-18 13:36:37,709 [1] INFO  - Finding participant
2025-03-18 13:36:37,709 [1] INFO  - Finding proba
2025-03-18 13:36:37,709 [1] INFO  - Closing connection
2025-03-18 13:36:37,709 [1] INFO  - Finding participant
2025-03-18 13:36:37,710 [1] INFO  - Finding proba
2025-03-18 13:36:37,710 [1] INFO  - Closing connection
2025-03-18 13:36:37,710 [1] INFO  - Finding participant
2025-03-18 13:36:37,711 [1] INFO  - Finding proba
2025-03-18 13:36:37,711 [1] INFO  - Closing connection
2025-03-18 13:36:37,711 [1] INFO  - Finding participant
2025-03-18 13:36:37,712 [1] INFO  - Finding proba
2025-03-18 13:36:37,712 [1] INFO  - Closing connection
2025-03-18 13:36:37,712 [1] INFO  - Finding participant
2025-03-18 13:36:37,713 [1] INFO  - Finding proba
2025-03-18 13:36:37,713 [1] INFO  - Closing connection
2025-03-18 13:36:37,713 [1] INFO  - Finding participant
2025-03-18 13:36:37,714 [1] INFO  - Finding proba
2025-03-18 13:36:37,714 [1] INFO  - Closing connection
2025-03-18 13:36:37,714 [1] INFO  - Finding participant
2025-03-18 13:36:37,715 [1] INFO  - Finding proba
2025-03-18 13:36:37,717 [1] INFO  - Closing connection
2025-03-18 13:36:37,718 [1] INFO  - Finding participant
2025-03-18 13:36:37,718 [1] INFO  - Finding proba
2025-03-18 13:36:37,718 [1] INFO  - Closing connection
2025-03-18 13:36:37,719 [1] INFO  - Finding participant
2025-03-18 13:36:37,719 [1] INFO  - Finding proba
2025-03-18 13:36:37,719 [1] INFO  - Closing connection
2025-03-18 13:36:37,720 [1] INFO  - Finding participant
2025-03-18 13:36:37,720 [1] INFO  - Finding proba
2025-03-18 13:36:37,720 [1] INFO  - Closing connection
2025-03-18 13:36:37,721 [1] INFO  - Finding participant
2025-03-18 13:36:37,721 [1] INFO  - Finding proba
2025-03-18 13:36:37,721 [1] INFO  - Closing connection
2025-03-18 13:36:37,722 [1] INFO  - Finding participant
2025-03-18 13:36:37,722 [1] INFO  - Finding proba
2025-03-18 13:36:37,722 [1] INFO  - Closing connection
2025-03-18 13:36:37,722 [1] INFO  - Finding participant
2025-03-18 13:36:37,723 [1] INFO  - Finding proba
2025-03-18 13:36:37,723 [1] INFO  - Closing connection
2025-03-18 13:36:37,723 [1] INFO  - Finding participant
2025-03-18 13:36:37,724 [1] INFO  - Finding proba
2025-03-18 13:36:37,724 [1] INFO  - Closing connection
2025-03-18 13:36:37,724 [1] INFO  - Finding participant
2025-03-18 13:36:37,725 [1] INFO  - Finding proba
2025-03-18 13:36:37,725 [1] INFO  - Closing connection
2025-03-18 13:36:37,725 [1] INFO  - Finding participant
2025-03-18 13:36:37,726 [1] INFO  - Finding proba
2025-03-18 13:36:37,726 [1] INFO  - Closing connection
2025-03-18 13:36:37,726 [1] INFO  - Finding participant
2025-03-18 13:36:37,727 [1] INFO  - Finding proba
2025-03-18 13:36:37,727 [1] INFO  - Closing connection
2025-03-18 13:36:37,727 [1] INFO  - Finding participant
2025-03-18 13:36:37,728 [1] INFO  - Finding proba
2025-03-18 13:36:37,728 [1] INFO  - Closing connection
2025-03-18 13:36:37,728 [1] INFO  - Finding participant
2025-03-18 13:36:37,729 [1] INFO  - Finding proba
2025-03-18 13:36:37,729 [1] INFO  - Closing connection
2025-03-18 13:36:37,729 [1] INFO  - Finding participant
2025-03-18 13:36:37,730 [1] INFO  - Finding proba
2025-03-18 13:36:37,732 [1] INFO  - Closing connection
2025-03-18 13:36:37,732 [1] INFO  - Finding participant
2025-03-18 13:36:37,733 [1] INFO  - Finding proba
2025-03-18 13:36:37,733 [1] INFO  - Closing connection
2025-03-18 13:36:37,733 [1] INFO  - Finding participant
2025-03-18 13:36:37,733 [1] INFO  - Finding proba
2025-03-18 13:36:37,734 [1] INFO  - Closing connection
2025-03-18 13:36:37,734 [1] INFO  - Finding participant
2025-03-18 13:36:37,734 [1] INFO  - Finding proba
2025-03-18 13:36:37,735 [1] INFO  - Closing connection
2025-03-18 13:36:37,735 [1] INFO  - Finding participant
2025-03-18 13:36:37,735 [1] INFO  - Finding proba
2025-03-18 13:36:37,736 [1] INFO  - Closing connection
2025-03-18 13:36:37,736 [1] INFO  - Finding participant
2025-03-18 13:36:37,736 [1] INFO  - Finding proba
2025-03-18 13:36:37,737 [1] INFO  - Closing connection
2025-03-18 13:36:37,737 [1] INFO  - Finding participant
2025-03-18 13:36:37,737 [1] INFO  - Finding proba
2025-03-18 13:36:37,737 [1] INFO  - Closing connection
2025-03-18 13:36:37,738 [1] INFO  - Finding participant
2025-03-18 13:36:37,738 [1] INFO  - Finding proba
2025-03-18 13:36:37,738 [1] INFO  - Closing connection
2025-03-18 13:36:37,739 [1] INFO  - Finding participant
2025-03-18 13:36:37,739 [1] INFO  - Finding proba
2025-03-18 13:36:37,739 [1] INFO  - Closing connection
2025-03-18 13:36:37,739 [1] INFO  - Finding participant
2025-03-18 13:36:37,740 [1] INFO  - Finding proba
2025-03-18 13:36:37,740 [1] INFO  - Closing connection
2025-03-18 13:36:37,740 [1] INFO  - Finding participant
2025-03-18 13:36:37,741 [1] INFO  - Finding proba
2025-03-18 13:36:37,741 [1] INFO  - Closing connection
2025-03-18 13:36:37,741 [1] INFO  - Finding participant
2025-03-18 13:36:37,742 [1] INFO  - Finding proba
2025-03-18 13:36:37,742 [1] INFO  - Closing connection
2025-03-18 13:36:37,742 [1] INFO  - Finding participant
2025-03-18 13:36:37,743 [1] INFO  - Finding proba
2025-03-18 13:36:37,743 [1] INFO  - Closing connection
2025-03-18 13:36:37,743 [1] INFO  - Finding participant
2025-03-18 13:36:37,743 [1] INFO  - Finding proba
2025-03-18 13:36:37,744 [1] INFO  - Closing connection
2025-03-18 13:36:37,744 [1] INFO  - Finding participant
2025-03-18 13:36:37,744 [1] INFO  - Finding proba
2025-03-18 13:36:37,745 [1] INFO  - Closing connection
2025-03-18 13:36:37,747 [1] INFO  - Finding participant
2025-03-18 13:36:37,748 [1] INFO  - Finding proba
2025-03-18 13:36:37,748 [1] INFO  - Closing connection
2025-03-18 13:36:37,748 [1] INFO  - Finding participant
2025-03-18 13:36:37,748 [1] INFO  - Finding proba
2025-03-18 13:36:37,749 [1] INFO  - Closing connection
2025-03-18 13:36:37,749 [1] INFO  - Finding participant
2025-03-18 13:36:37,749 [1] INFO  - Finding proba
2025-03-18 13:36:37,750 [1] INFO  - Closing connection
2025-03-18 13:36:37,750 [1] INFO  - Finding participant
2025-03-18 13:36:37,750 [1] INFO  - Finding proba
2025-03-18 13:36:37,750 [1] INFO  - Closing connection
2025-03-18 13:36:37,751 [1] INFO  - Finding participant
2025-03-18 13:36:37,751 [1] INFO  - Finding proba
2025-03-18 13:36:37,751 [1] INFO  - Closing connection
2025-03-18 13:36:37,752 [1] INFO  - Finding participant
2025-03-18 13:36:37,752 [1] INFO  - Finding proba
2025-03-18 13:36:37,752 [1] INFO  - Closing connection
2025-03-18 13:36:37,753 [1] INFO  - Finding participant
2025-03-18 13:36:37,753 [1] INFO  - Finding proba
2025-03-18 13:36:37,753 [1] INFO  - Closing connection
2025-03-18 13:36:37,753 [1] INFO  - Finding participant
2025-03-18 13:36:37,754 [1] INFO  - Finding proba
2025-03-18 13:36:37,754 [1] INFO  - Closing connection
2025-03-18 13:36:37,754 [1] INFO  - Closing connection
2025-03-18 13:36:37,755 [1] INFO  - Exiting FindAll with value System.Collections.Generic.List`1[Rezultat]
2025-03-18 13:36:37,774 [1] INFO  - Finding rezultat with id 2
2025-03-18 13:36:37,775 [1] INFO  - Finding participant
2025-03-18 13:36:37,775 [1] INFO  - Finding proba
2025-03-18 13:36:37,775 [1] INFO  - Closing connection
2025-03-18 13:36:37,776 [1] INFO  - Closing connection
2025-03-18 13:36:37,776 [1] INFO  - Exiting findOne with value Rezultat{id=2, Participant=Stan Ioana varsta:27, Proba=Proba{id=c1, nume='Pedalat 200 de m', id_arbitru='1', categorie='ciclism'}, Scor=152}
2025-03-18 13:36:37,777 [1] INFO  - Participanti alfabetic
2025-03-18 13:36:37,778 [1] INFO  - Finding all rezultate
2025-03-18 13:36:37,779 [1] INFO  - Finding participant
2025-03-18 13:36:37,780 [1] INFO  - Finding proba
2025-03-18 13:36:37,780 [1] INFO  - Closing connection
2025-03-18 13:36:37,780 [1] INFO  - Finding participant
2025-03-18 13:36:37,781 [1] INFO  - Finding proba
2025-03-18 13:36:37,781 [1] INFO  - Closing connection
2025-03-18 13:36:37,781 [1] INFO  - Finding participant
2025-03-18 13:36:37,781 [1] INFO  - Finding proba
2025-03-18 13:36:37,782 [1] INFO  - Closing connection
2025-03-18 13:36:37,782 [1] INFO  - Finding participant
2025-03-18 13:36:37,782 [1] INFO  - Finding proba
2025-03-18 13:36:37,783 [1] INFO  - Closing connection
2025-03-18 13:36:37,783 [1] INFO  - Finding participant
2025-03-18 13:36:37,783 [1] INFO  - Finding proba
2025-03-18 13:36:37,784 [1] INFO  - Closing connection
2025-03-18 13:36:37,784 [1] INFO  - Finding participant
2025-03-18 13:36:37,784 [1] INFO  - Finding proba
2025-03-18 13:36:37,785 [1] INFO  - Closing connection
2025-03-18 13:36:37,785 [1] INFO  - Finding participant
2025-03-18 13:36:37,785 [1] INFO  - Finding proba
2025-03-18 13:36:37,785 [1] INFO  - Closing connection
2025-03-18 13:36:37,786 [1] INFO  - Finding participant
2025-03-18 13:36:37,786 [1] INFO  - Finding proba
2025-03-18 13:36:37,786 [1] INFO  - Closing connection
2025-03-18 13:36:37,787 [1] INFO  - Finding participant
2025-03-18 13:36:37,787 [1] INFO  - Finding proba
2025-03-18 13:36:37,787 [1] INFO  - Closing connection
2025-03-18 13:36:37,788 [1] INFO  - Finding participant
2025-03-18 13:36:37,788 [1] INFO  - Finding proba
2025-03-18 13:36:37,788 [1] INFO  - Closing connection
2025-03-18 13:36:37,788 [1] INFO  - Finding participant
2025-03-18 13:36:37,789 [1] INFO  - Finding proba
2025-03-18 13:36:37,789 [1] INFO  - Closing connection
2025-03-18 13:36:37,789 [1] INFO  - Finding participant
2025-03-18 13:36:37,790 [1] INFO  - Finding proba
2025-03-18 13:36:37,790 [1] INFO  - Closing connection
2025-03-18 13:36:37,790 [1] INFO  - Finding participant
2025-03-18 13:36:37,791 [1] INFO  - Finding proba
2025-03-18 13:36:37,791 [1] INFO  - Closing connection
2025-03-18 13:36:37,791 [1] INFO  - Finding participant
2025-03-18 13:36:37,791 [1] INFO  - Finding proba
2025-03-18 13:36:37,793 [1] INFO  - Closing connection
2025-03-18 13:36:37,794 [1] INFO  - Finding participant
2025-03-18 13:36:37,794 [1] INFO  - Finding proba
2025-03-18 13:36:37,794 [1] INFO  - Closing connection
2025-03-18 13:36:37,795 [1] INFO  - Finding participant
2025-03-18 13:36:37,795 [1] INFO  - Finding proba
2025-03-18 13:36:37,795 [1] INFO  - Closing connection
2025-03-18 13:36:37,796 [1] INFO  - Finding participant
2025-03-18 13:36:37,796 [1] INFO  - Finding proba
2025-03-18 13:36:37,796 [1] INFO  - Closing connection
2025-03-18 13:36:37,796 [1] INFO  - Finding participant
2025-03-18 13:36:37,797 [1] INFO  - Finding proba
2025-03-18 13:36:37,797 [1] INFO  - Closing connection
2025-03-18 13:36:37,797 [1] INFO  - Finding participant
2025-03-18 13:36:37,798 [1] INFO  - Finding proba
2025-03-18 13:36:37,798 [1] INFO  - Closing connection
2025-03-18 13:36:37,798 [1] INFO  - Finding participant
2025-03-18 13:36:37,799 [1] INFO  - Finding proba
2025-03-18 13:36:37,799 [1] INFO  - Closing connection
2025-03-18 13:36:37,799 [1] INFO  - Finding participant
2025-03-18 13:36:37,800 [1] INFO  - Finding proba
2025-03-18 13:36:37,800 [1] INFO  - Closing connection
2025-03-18 13:36:37,800 [1] INFO  - Finding participant
2025-03-18 13:36:37,801 [1] INFO  - Finding proba
2025-03-18 13:36:37,801 [1] INFO  - Closing connection
2025-03-18 13:36:37,801 [1] INFO  - Finding participant
2025-03-18 13:36:37,801 [1] INFO  - Finding proba
2025-03-18 13:36:37,802 [1] INFO  - Closing connection
2025-03-18 13:36:37,802 [1] INFO  - Finding participant
2025-03-18 13:36:37,802 [1] INFO  - Finding proba
2025-03-18 13:36:37,803 [1] INFO  - Closing connection
2025-03-18 13:36:37,803 [1] INFO  - Finding participant
2025-03-18 13:36:37,803 [1] INFO  - Finding proba
2025-03-18 13:36:37,804 [1] INFO  - Closing connection
2025-03-18 13:36:37,804 [1] INFO  - Finding participant
2025-03-18 13:36:37,804 [1] INFO  - Finding proba
2025-03-18 13:36:37,805 [1] INFO  - Closing connection
2025-03-18 13:36:37,805 [1] INFO  - Finding participant
2025-03-18 13:36:37,805 [1] INFO  - Finding proba
2025-03-18 13:36:37,805 [1] INFO  - Closing connection
2025-03-18 13:36:37,806 [1] INFO  - Finding participant
2025-03-18 13:36:37,806 [1] INFO  - Finding proba
2025-03-18 13:36:37,806 [1] INFO  - Closing connection
2025-03-18 13:36:37,807 [1] INFO  - Finding participant
2025-03-18 13:36:37,809 [1] INFO  - Finding proba
2025-03-18 13:36:37,809 [1] INFO  - Closing connection
2025-03-18 13:36:37,809 [1] INFO  - Finding participant
2025-03-18 13:36:37,809 [1] INFO  - Finding proba
2025-03-18 13:36:37,810 [1] INFO  - Closing connection
2025-03-18 13:36:37,810 [1] INFO  - Finding participant
2025-03-18 13:36:37,810 [1] INFO  - Finding proba
2025-03-18 13:36:37,811 [1] INFO  - Closing connection
2025-03-18 13:36:37,811 [1] INFO  - Finding participant
2025-03-18 13:36:37,811 [1] INFO  - Finding proba
2025-03-18 13:36:37,812 [1] INFO  - Closing connection
2025-03-18 13:36:37,812 [1] INFO  - Finding participant
2025-03-18 13:36:37,812 [1] INFO  - Finding proba
2025-03-18 13:36:37,813 [1] INFO  - Closing connection
2025-03-18 13:36:37,813 [1] INFO  - Finding participant
2025-03-18 13:36:37,813 [1] INFO  - Finding proba
2025-03-18 13:36:37,813 [1] INFO  - Closing connection
2025-03-18 13:36:37,814 [1] INFO  - Finding participant
2025-03-18 13:36:37,814 [1] INFO  - Finding proba
2025-03-18 13:36:37,814 [1] INFO  - Closing connection
2025-03-18 13:36:37,815 [1] INFO  - Finding participant
2025-03-18 13:36:37,815 [1] INFO  - Finding proba
2025-03-18 13:36:37,815 [1] INFO  - Closing connection
2025-03-18 13:36:37,816 [1] INFO  - Finding participant
2025-03-18 13:36:37,816 [1] INFO  - Finding proba
2025-03-18 13:36:37,816 [1] INFO  - Closing connection
2025-03-18 13:36:37,816 [1] INFO  - Finding participant
2025-03-18 13:36:37,817 [1] INFO  - Finding proba
2025-03-18 13:36:37,817 [1] INFO  - Closing connection
2025-03-18 13:36:37,817 [1] INFO  - Finding participant
2025-03-18 13:36:37,818 [1] INFO  - Finding proba
2025-03-18 13:36:37,818 [1] INFO  - Closing connection
2025-03-18 13:36:37,818 [1] INFO  - Finding participant
2025-03-18 13:36:37,819 [1] INFO  - Finding proba
2025-03-18 13:36:37,819 [1] INFO  - Closing connection
2025-03-18 13:36:37,819 [1] INFO  - Finding participant
2025-03-18 13:36:37,820 [1] INFO  - Finding proba
2025-03-18 13:36:37,820 [1] INFO  - Closing connection
2025-03-18 13:36:37,820 [1] INFO  - Finding participant
2025-03-18 13:36:37,820 [1] INFO  - Finding proba
2025-03-18 13:36:37,821 [1] INFO  - Closing connection
2025-03-18 13:36:37,821 [1] INFO  - Finding participant
2025-03-18 13:36:37,821 [1] INFO  - Finding proba
2025-03-18 13:36:37,822 [1] INFO  - Closing connection
2025-03-18 13:36:37,822 [1] INFO  - Finding participant
2025-03-18 13:36:37,822 [1] INFO  - Finding proba
2025-03-18 13:36:37,823 [1] INFO  - Closing connection
2025-03-18 13:36:37,824 [1] INFO  - Finding participant
2025-03-18 13:36:37,825 [1] INFO  - Finding proba
2025-03-18 13:36:37,825 [1] INFO  - Closing connection
2025-03-18 13:36:37,825 [1] INFO  - Finding participant
2025-03-18 13:36:37,826 [1] INFO  - Finding proba
2025-03-18 13:36:37,826 [1] INFO  - Closing connection
2025-03-18 13:36:37,826 [1] INFO  - Finding participant
2025-03-18 13:36:37,827 [1] INFO  - Finding proba
2025-03-18 13:36:37,827 [1] INFO  - Closing connection
2025-03-18 13:36:37,827 [1] INFO  - Finding participant
2025-03-18 13:36:37,828 [1] INFO  - Finding proba
2025-03-18 13:36:37,828 [1] INFO  - Closing connection
2025-03-18 13:36:37,828 [1] INFO  - Finding participant
2025-03-18 13:36:37,829 [1] INFO  - Finding proba
2025-03-18 13:36:37,829 [1] INFO  - Closing connection
2025-03-18 13:36:37,829 [1] INFO  - Finding participant
2025-03-18 13:36:37,829 [1] INFO  - Finding proba
2025-03-18 13:36:37,830 [1] INFO  - Closing connection
2025-03-18 13:36:37,830 [1] INFO  - Finding participant
2025-03-18 13:36:37,830 [1] INFO  - Finding proba
2025-03-18 13:36:37,831 [1] INFO  - Closing connection
2025-03-18 13:36:37,831 [1] INFO  - Finding participant
2025-03-18 13:36:37,831 [1] INFO  - Finding proba
2025-03-18 13:36:37,832 [1] INFO  - Closing connection
2025-03-18 13:36:37,832 [1] INFO  - Closing connection
2025-03-18 13:36:37,832 [1] INFO  - Exiting FindAll with value System.Collections.Generic.List`1[Rezultat]
2025-03-18 13:36:37,918 [1] INFO  - Exiting ParticipantiAlfabetic
2025-03-18 13:36:37,941 [1] INFO  - c2 scor descrescator
2025-03-18 13:36:37,941 [1] INFO  - Finding all rezultate
2025-03-18 13:36:37,942 [1] INFO  - Finding participant
2025-03-18 13:36:37,942 [1] INFO  - Finding proba
2025-03-18 13:36:37,942 [1] INFO  - Closing connection
2025-03-18 13:36:37,942 [1] INFO  - Finding participant
2025-03-18 13:36:37,943 [1] INFO  - Finding proba
2025-03-18 13:36:37,943 [1] INFO  - Closing connection
2025-03-18 13:36:37,943 [1] INFO  - Finding participant
2025-03-18 13:36:37,944 [1] INFO  - Finding proba
2025-03-18 13:36:37,944 [1] INFO  - Closing connection
2025-03-18 13:36:37,944 [1] INFO  - Finding participant
2025-03-18 13:36:37,944 [1] INFO  - Finding proba
2025-03-18 13:36:37,945 [1] INFO  - Closing connection
2025-03-18 13:36:37,945 [1] INFO  - Finding participant
2025-03-18 13:36:37,945 [1] INFO  - Finding proba
2025-03-18 13:36:37,946 [1] INFO  - Closing connection
2025-03-18 13:36:37,946 [1] INFO  - Finding participant
2025-03-18 13:36:37,948 [1] INFO  - Finding proba
2025-03-18 13:36:37,948 [1] INFO  - Closing connection
2025-03-18 13:36:37,949 [1] INFO  - Finding participant
2025-03-18 13:36:37,949 [1] INFO  - Finding proba
2025-03-18 13:36:37,949 [1] INFO  - Closing connection
2025-03-18 13:36:37,950 [1] INFO  - Finding participant
2025-03-18 13:36:37,950 [1] INFO  - Finding proba
2025-03-18 13:36:37,951 [1] INFO  - Closing connection
2025-03-18 13:36:37,952 [1] INFO  - Finding participant
2025-03-18 13:36:37,952 [1] INFO  - Finding proba
2025-03-18 13:36:37,953 [1] INFO  - Closing connection
2025-03-18 13:36:37,954 [1] INFO  - Finding participant
2025-03-18 13:36:37,954 [1] INFO  - Finding proba
2025-03-18 13:36:37,955 [1] INFO  - Closing connection
2025-03-18 13:36:37,955 [1] INFO  - Finding participant
2025-03-18 13:36:37,955 [1] INFO  - Finding proba
2025-03-18 13:36:37,956 [1] INFO  - Closing connection
2025-03-18 13:36:37,956 [1] INFO  - Finding participant
2025-03-18 13:36:37,956 [1] INFO  - Finding proba
2025-03-18 13:36:37,956 [1] INFO  - Closing connection
2025-03-18 13:36:37,957 [1] INFO  - Finding participant
2025-03-18 13:36:37,957 [1] INFO  - Finding proba
2025-03-18 13:36:37,957 [1] INFO  - Closing connection
2025-03-18 13:36:37,958 [1] INFO  - Finding participant
2025-03-18 13:36:37,958 [1] INFO  - Finding proba
2025-03-18 13:36:37,958 [1] INFO  - Closing connection
2025-03-18 13:36:37,959 [1] INFO  - Finding participant
2025-03-18 13:36:37,959 [1] INFO  - Finding proba
2025-03-18 13:36:37,959 [1] INFO  - Closing connection
2025-03-18 13:36:37,960 [1] INFO  - Finding participant
2025-03-18 13:36:37,960 [1] INFO  - Finding proba
2025-03-18 13:36:37,960 [1] INFO  - Closing connection
2025-03-18 13:36:37,961 [1] INFO  - Finding participant
2025-03-18 13:36:37,961 [1] INFO  - Finding proba
2025-03-18 13:36:37,961 [1] INFO  - Closing connection
2025-03-18 13:36:37,962 [1] INFO  - Finding participant
2025-03-18 13:36:37,962 [1] INFO  - Finding proba
2025-03-18 13:36:37,962 [1] INFO  - Closing connection
2025-03-18 13:36:37,964 [1] INFO  - Finding participant
2025-03-18 13:36:37,965 [1] INFO  - Finding proba
2025-03-18 13:36:37,965 [1] INFO  - Closing connection
2025-03-18 13:36:37,965 [1] INFO  - Finding participant
2025-03-18 13:36:37,966 [1] INFO  - Finding proba
2025-03-18 13:36:37,966 [1] INFO  - Closing connection
2025-03-18 13:36:37,966 [1] INFO  - Finding participant
2025-03-18 13:36:37,966 [1] INFO  - Finding proba
2025-03-18 13:36:37,968 [1] INFO  - Closing connection
2025-03-18 13:36:37,969 [1] INFO  - Finding participant
2025-03-18 13:36:37,970 [1] INFO  - Finding proba
2025-03-18 13:36:37,970 [1] INFO  - Closing connection
2025-03-18 13:36:37,971 [1] INFO  - Finding participant
2025-03-18 13:36:37,971 [1] INFO  - Finding proba
2025-03-18 13:36:37,972 [1] INFO  - Closing connection
2025-03-18 13:36:37,972 [1] INFO  - Finding participant
2025-03-18 13:36:37,972 [1] INFO  - Finding proba
2025-03-18 13:36:37,973 [1] INFO  - Closing connection
2025-03-18 13:36:37,973 [1] INFO  - Finding participant
2025-03-18 13:36:37,973 [1] INFO  - Finding proba
2025-03-18 13:36:37,974 [1] INFO  - Closing connection
2025-03-18 13:36:37,974 [1] INFO  - Finding participant
2025-03-18 13:36:37,974 [1] INFO  - Finding proba
2025-03-18 13:36:37,974 [1] INFO  - Closing connection
2025-03-18 13:36:37,975 [1] INFO  - Finding participant
2025-03-18 13:36:37,975 [1] INFO  - Finding proba
2025-03-18 13:36:37,975 [1] INFO  - Closing connection
2025-03-18 13:36:37,976 [1] INFO  - Finding participant
2025-03-18 13:36:37,976 [1] INFO  - Finding proba
2025-03-18 13:36:37,976 [1] INFO  - Closing connection
2025-03-18 13:36:37,977 [1] INFO  - Finding participant
2025-03-18 13:36:37,977 [1] INFO  - Finding proba
2025-03-18 13:36:37,977 [1] INFO  - Closing connection
2025-03-18 13:36:37,979 [1] INFO  - Finding participant
2025-03-18 13:36:37,980 [1] INFO  - Finding proba
2025-03-18 13:36:37,980 [1] INFO  - Closing connection
2025-03-18 13:36:37,981 [1] INFO  - Finding participant
2025-03-18 13:36:37,981 [1] INFO  - Finding proba
2025-03-18 13:36:37,981 [1] INFO  - Closing connection
2025-03-18 13:36:37,982 [1] INFO  - Finding participant
2025-03-18 13:36:37,983 [1] INFO  - Finding proba
2025-03-18 13:36:37,983 [1] INFO  - Closing connection
2025-03-18 13:36:37,984 [1] INFO  - Finding participant
2025-03-18 13:36:37,985 [1] INFO  - Finding proba
2025-03-18 13:36:37,985 [1] INFO  - Closing connection
2025-03-18 13:36:37,985 [1] INFO  - Finding participant
2025-03-18 13:36:37,986 [1] INFO  - Finding proba
2025-03-18 13:36:37,986 [1] INFO  - Closing connection
2025-03-18 13:36:37,986 [1] INFO  - Finding participant
2025-03-18 13:36:37,987 [1] INFO  - Finding proba
2025-03-18 13:36:37,987 [1] INFO  - Closing connection
2025-03-18 13:36:37,987 [1] INFO  - Finding participant
2025-03-18 13:36:37,988 [1] INFO  - Finding proba
2025-03-18 13:36:37,988 [1] INFO  - Closing connection
2025-03-18 13:36:37,988 [1] INFO  - Finding participant
2025-03-18 13:36:37,989 [1] INFO  - Finding proba
2025-03-18 13:36:37,989 [1] INFO  - Closing connection
2025-03-18 13:36:37,989 [1] INFO  - Finding participant
2025-03-18 13:36:37,990 [1] INFO  - Finding proba
2025-03-18 13:36:37,990 [1] INFO  - Closing connection
2025-03-18 13:36:37,990 [1] INFO  - Finding participant
2025-03-18 13:36:37,991 [1] INFO  - Finding proba
2025-03-18 13:36:37,991 [1] INFO  - Closing connection
2025-03-18 13:36:37,991 [1] INFO  - Finding participant
2025-03-18 13:36:37,992 [1] INFO  - Finding proba
2025-03-18 13:36:37,992 [1] INFO  - Closing connection
2025-03-18 13:36:37,995 [1] INFO  - Finding participant
2025-03-18 13:36:37,995 [1] INFO  - Finding proba
2025-03-18 13:36:37,995 [1] INFO  - Closing connection
2025-03-18 13:36:37,996 [1] INFO  - Finding participant
2025-03-18 13:36:37,996 [1] INFO  - Finding proba
2025-03-18 13:36:37,996 [1] INFO  - Closing connection
2025-03-18 13:36:37,997 [1] INFO  - Finding participant
2025-03-18 13:36:37,997 [1] INFO  - Finding proba
2025-03-18 13:36:37,997 [1] INFO  - Closing connection
2025-03-18 13:36:37,998 [1] INFO  - Finding participant
2025-03-18 13:36:37,998 [1] INFO  - Finding proba
2025-03-18 13:36:37,999 [1] INFO  - Closing connection
2025-03-18 13:36:37,999 [1] INFO  - Finding participant
2025-03-18 13:36:37,999 [1] INFO  - Finding proba
2025-03-18 13:36:38,000 [1] INFO  - Closing connection
2025-03-18 13:36:38,000 [1] INFO  - Finding participant
2025-03-18 13:36:38,000 [1] INFO  - Finding proba
2025-03-18 13:36:38,000 [1] INFO  - Closing connection
2025-03-18 13:36:38,001 [1] INFO  - Finding participant
2025-03-18 13:36:38,001 [1] INFO  - Finding proba
2025-03-18 13:36:38,001 [1] INFO  - Closing connection
2025-03-18 13:36:38,002 [1] INFO  - Finding participant
2025-03-18 13:36:38,002 [1] INFO  - Finding proba
2025-03-18 13:36:38,002 [1] INFO  - Closing connection
2025-03-18 13:36:38,003 [1] INFO  - Finding participant
2025-03-18 13:36:38,003 [1] INFO  - Finding proba
2025-03-18 13:36:38,003 [1] INFO  - Closing connection
2025-03-18 13:36:38,004 [1] INFO  - Finding participant
2025-03-18 13:36:38,004 [1] INFO  - Finding proba
2025-03-18 13:36:38,004 [1] INFO  - Closing connection
2025-03-18 13:36:38,005 [1] INFO  - Finding participant
2025-03-18 13:36:38,005 [1] INFO  - Finding proba
2025-03-18 13:36:38,005 [1] INFO  - Closing connection
2025-03-18 13:36:38,006 [1] INFO  - Finding participant
2025-03-18 13:36:38,006 [1] INFO  - Finding proba
2025-03-18 13:36:38,006 [1] INFO  - Closing connection
2025-03-18 13:36:38,007 [1] INFO  - Closing connection
2025-03-18 13:36:38,007 [1] INFO  - Exiting FindAll with value System.Collections.Generic.List`1[Rezultat]
2025-03-18 13:36:38,009 [1] INFO  - Exiting ParticipantScorDescrescator
2025-03-18 13:36:38,011 [1] INFO csharpPb9.MainClass - End test
